CRITICAL - 2026-05-18 09:08:09 --> Trying to access array offset on null
#0 /Users/barrukurniawan/Documents/gis/app/Controllers/Erp/Tasks.php(1227): CodeIgniter\Debug\Exceptions->errorHandler(2, 'Trying to acces...', '/Users/barrukur...', 1227)
#1 /Users/barrukurniawan/Documents/gis/system/CodeIgniter.php(928): App\Controllers\Erp\Tasks->client_task_status_chart()
#2 /Users/barrukurniawan/Documents/gis/system/CodeIgniter.php(436): CodeIgniter\CodeIgniter->runController(Object(App\Controllers\Erp\Tasks))
#3 /Users/barrukurniawan/Documents/gis/system/CodeIgniter.php(336): CodeIgniter\CodeIgniter->handleRequest(NULL, Object(Config\Cache), false)
#4 /Users/barrukurniawan/Documents/gis/index.php(45): CodeIgniter\CodeIgniter->run()
#5 {main}
CRITICAL - 2026-05-18 09:29:19 --> Trying to access array offset on null
#0 /Users/barrukurniawan/Documents/gis/app/Controllers/Erp/Tasks.php(1227): CodeIgniter\Debug\Exceptions->errorHandler(2, 'Trying to acces...', '/Users/barrukur...', 1227)
#1 /Users/barrukurniawan/Documents/gis/system/CodeIgniter.php(928): App\Controllers\Erp\Tasks->client_task_status_chart()
#2 /Users/barrukurniawan/Documents/gis/system/CodeIgniter.php(436): CodeIgniter\CodeIgniter->runController(Object(App\Controllers\Erp\Tasks))
#3 /Users/barrukurniawan/Documents/gis/system/CodeIgniter.php(336): CodeIgniter\CodeIgniter->handleRequest(NULL, Object(Config\Cache), false)
#4 /Users/barrukurniawan/Documents/gis/index.php(45): CodeIgniter\CodeIgniter->run()
#5 {main}
CRITICAL - 2026-05-18 09:30:47 --> Trying to access array offset on null
#0 /Users/barrukurniawan/Documents/gis/app/Controllers/Erp/Tasks.php(1227): CodeIgniter\Debug\Exceptions->errorHandler(2, 'Trying to acces...', '/Users/barrukur...', 1227)
#1 /Users/barrukurniawan/Documents/gis/system/CodeIgniter.php(928): App\Controllers\Erp\Tasks->client_task_status_chart()
#2 /Users/barrukurniawan/Documents/gis/system/CodeIgniter.php(436): CodeIgniter\CodeIgniter->runController(Object(App\Controllers\Erp\Tasks))
#3 /Users/barrukurniawan/Documents/gis/system/CodeIgniter.php(336): CodeIgniter\CodeIgniter->handleRequest(NULL, Object(Config\Cache), false)
#4 /Users/barrukurniawan/Documents/gis/index.php(45): CodeIgniter\CodeIgniter->run()
#5 {main}
CRITICAL - 2026-05-18 09:34:33 --> Trying to access array offset on null
#0 /Users/barrukurniawan/Documents/gis/app/Controllers/Erp/Tasks.php(1227): CodeIgniter\Debug\Exceptions->errorHandler(2, 'Trying to acces...', '/Users/barrukur...', 1227)
#1 /Users/barrukurniawan/Documents/gis/system/CodeIgniter.php(928): App\Controllers\Erp\Tasks->client_task_status_chart()
#2 /Users/barrukurniawan/Documents/gis/system/CodeIgniter.php(436): CodeIgniter\CodeIgniter->runController(Object(App\Controllers\Erp\Tasks))
#3 /Users/barrukurniawan/Documents/gis/system/CodeIgniter.php(336): CodeIgniter\CodeIgniter->handleRequest(NULL, Object(Config\Cache), false)
#4 /Users/barrukurniawan/Documents/gis/index.php(45): CodeIgniter\CodeIgniter->run()
#5 {main}
CRITICAL - 2026-05-18 09:36:24 --> Trying to access array offset on null
#0 /Users/barrukurniawan/Documents/gis/app/Controllers/Erp/Tasks.php(1227): CodeIgniter\Debug\Exceptions->errorHandler(2, 'Trying to acces...', '/Users/barrukur...', 1227)
#1 /Users/barrukurniawan/Documents/gis/system/CodeIgniter.php(928): App\Controllers\Erp\Tasks->client_task_status_chart()
#2 /Users/barrukurniawan/Documents/gis/system/CodeIgniter.php(436): CodeIgniter\CodeIgniter->runController(Object(App\Controllers\Erp\Tasks))
#3 /Users/barrukurniawan/Documents/gis/system/CodeIgniter.php(336): CodeIgniter\CodeIgniter->handleRequest(NULL, Object(Config\Cache), false)
#4 /Users/barrukurniawan/Documents/gis/index.php(45): CodeIgniter\CodeIgniter->run()
#5 {main}
CRITICAL - 2026-05-18 09:38:21 --> Trying to access array offset on null
#0 /Users/barrukurniawan/Documents/gis/app/Controllers/Erp/Tasks.php(1227): CodeIgniter\Debug\Exceptions->errorHandler(2, 'Trying to acces...', '/Users/barrukur...', 1227)
#1 /Users/barrukurniawan/Documents/gis/system/CodeIgniter.php(928): App\Controllers\Erp\Tasks->client_task_status_chart()
#2 /Users/barrukurniawan/Documents/gis/system/CodeIgniter.php(436): CodeIgniter\CodeIgniter->runController(Object(App\Controllers\Erp\Tasks))
#3 /Users/barrukurniawan/Documents/gis/system/CodeIgniter.php(336): CodeIgniter\CodeIgniter->handleRequest(NULL, Object(Config\Cache), false)
#4 /Users/barrukurniawan/Documents/gis/index.php(45): CodeIgniter\CodeIgniter->run()
#5 {main}
CRITICAL - 2026-05-18 09:38:51 --> Trying to access array offset on null
#0 /Users/barrukurniawan/Documents/gis/app/Controllers/Erp/Tasks.php(1227): CodeIgniter\Debug\Exceptions->errorHandler(2, 'Trying to acces...', '/Users/barrukur...', 1227)
#1 /Users/barrukurniawan/Documents/gis/system/CodeIgniter.php(928): App\Controllers\Erp\Tasks->client_task_status_chart()
#2 /Users/barrukurniawan/Documents/gis/system/CodeIgniter.php(436): CodeIgniter\CodeIgniter->runController(Object(App\Controllers\Erp\Tasks))
#3 /Users/barrukurniawan/Documents/gis/system/CodeIgniter.php(336): CodeIgniter\CodeIgniter->handleRequest(NULL, Object(Config\Cache), false)
#4 /Users/barrukurniawan/Documents/gis/index.php(45): CodeIgniter\CodeIgniter->run()
#5 {main}
CRITICAL - 2026-05-18 10:13:11 --> Trying to access array offset on null
#0 /Users/barrukurniawan/Documents/gis/app/Controllers/Erp/Tasks.php(1227): CodeIgniter\Debug\Exceptions->errorHandler(2, 'Trying to acces...', '/Users/barrukur...', 1227)
#1 /Users/barrukurniawan/Documents/gis/system/CodeIgniter.php(928): App\Controllers\Erp\Tasks->client_task_status_chart()
#2 /Users/barrukurniawan/Documents/gis/system/CodeIgniter.php(436): CodeIgniter\CodeIgniter->runController(Object(App\Controllers\Erp\Tasks))
#3 /Users/barrukurniawan/Documents/gis/system/CodeIgniter.php(336): CodeIgniter\CodeIgniter->handleRequest(NULL, Object(Config\Cache), false)
#4 /Users/barrukurniawan/Documents/gis/index.php(45): CodeIgniter\CodeIgniter->run()
#5 {main}
CRITICAL - 2026-05-18 10:28:11 --> Trying to access array offset on null
#0 /Users/barrukurniawan/Documents/gis/app/Controllers/Erp/Tasks.php(1227): CodeIgniter\Debug\Exceptions->errorHandler(2, 'Trying to acces...', '/Users/barrukur...', 1227)
#1 /Users/barrukurniawan/Documents/gis/system/CodeIgniter.php(928): App\Controllers\Erp\Tasks->client_task_status_chart()
#2 /Users/barrukurniawan/Documents/gis/system/CodeIgniter.php(436): CodeIgniter\CodeIgniter->runController(Object(App\Controllers\Erp\Tasks))
#3 /Users/barrukurniawan/Documents/gis/system/CodeIgniter.php(336): CodeIgniter\CodeIgniter->handleRequest(NULL, Object(Config\Cache), false)
#4 /Users/barrukurniawan/Documents/gis/index.php(45): CodeIgniter\CodeIgniter->run()
#5 {main}
CRITICAL - 2026-05-18 10:49:30 --> Trying to access array offset on null
#0 /Users/barrukurniawan/Documents/gis/app/Controllers/Erp/Tasks.php(1227): CodeIgniter\Debug\Exceptions->errorHandler(2, 'Trying to acces...', '/Users/barrukur...', 1227)
#1 /Users/barrukurniawan/Documents/gis/system/CodeIgniter.php(928): App\Controllers\Erp\Tasks->client_task_status_chart()
#2 /Users/barrukurniawan/Documents/gis/system/CodeIgniter.php(436): CodeIgniter\CodeIgniter->runController(Object(App\Controllers\Erp\Tasks))
#3 /Users/barrukurniawan/Documents/gis/system/CodeIgniter.php(336): CodeIgniter\CodeIgniter->handleRequest(NULL, Object(Config\Cache), false)
#4 /Users/barrukurniawan/Documents/gis/index.php(45): CodeIgniter\CodeIgniter->run()
#5 {main}
CRITICAL - 2026-05-18 11:16:26 --> Trying to access array offset on null
#0 /Users/barrukurniawan/Documents/gis/app/Controllers/Erp/Tasks.php(1227): CodeIgniter\Debug\Exceptions->errorHandler(2, 'Trying to acces...', '/Users/barrukur...', 1227)
#1 /Users/barrukurniawan/Documents/gis/system/CodeIgniter.php(928): App\Controllers\Erp\Tasks->client_task_status_chart()
#2 /Users/barrukurniawan/Documents/gis/system/CodeIgniter.php(436): CodeIgniter\CodeIgniter->runController(Object(App\Controllers\Erp\Tasks))
#3 /Users/barrukurniawan/Documents/gis/system/CodeIgniter.php(336): CodeIgniter\CodeIgniter->handleRequest(NULL, Object(Config\Cache), false)
#4 /Users/barrukurniawan/Documents/gis/index.php(45): CodeIgniter\CodeIgniter->run()
#5 {main}
ERROR - 2026-05-18 11:24:39 --> Email: sendWithSmtp throwed fsockopen(): Peer certificate CN=`*.idcloudhosting.cloud' did not match expected CN=`mail.globalmaintenance.co.id'
CRITICAL - 2026-05-18 13:16:35 --> Trying to access array offset on null
#0 /Users/barrukurniawan/Documents/gis/app/Controllers/Erp/Tasks.php(1227): CodeIgniter\Debug\Exceptions->errorHandler(2, 'Trying to acces...', '/Users/barrukur...', 1227)
#1 /Users/barrukurniawan/Documents/gis/system/CodeIgniter.php(928): App\Controllers\Erp\Tasks->client_task_status_chart()
#2 /Users/barrukurniawan/Documents/gis/system/CodeIgniter.php(436): CodeIgniter\CodeIgniter->runController(Object(App\Controllers\Erp\Tasks))
#3 /Users/barrukurniawan/Documents/gis/system/CodeIgniter.php(336): CodeIgniter\CodeIgniter->handleRequest(NULL, Object(Config\Cache), false)
#4 /Users/barrukurniawan/Documents/gis/index.php(45): CodeIgniter\CodeIgniter->run()
#5 {main}
CRITICAL - 2026-05-18 13:54:23 --> Trying to access array offset on null
#0 /Users/barrukurniawan/Documents/gis/app/Controllers/Erp/Tasks.php(1227): CodeIgniter\Debug\Exceptions->errorHandler(2, 'Trying to acces...', '/Users/barrukur...', 1227)
#1 /Users/barrukurniawan/Documents/gis/system/CodeIgniter.php(928): App\Controllers\Erp\Tasks->client_task_status_chart()
#2 /Users/barrukurniawan/Documents/gis/system/CodeIgniter.php(436): CodeIgniter\CodeIgniter->runController(Object(App\Controllers\Erp\Tasks))
#3 /Users/barrukurniawan/Documents/gis/system/CodeIgniter.php(336): CodeIgniter\CodeIgniter->handleRequest(NULL, Object(Config\Cache), false)
#4 /Users/barrukurniawan/Documents/gis/index.php(45): CodeIgniter\CodeIgniter->run()
#5 {main}
CRITICAL - 2026-05-18 13:54:26 --> Trying to access array offset on null
#0 /Users/barrukurniawan/Documents/gis/app/Controllers/Erp/Tasks.php(1227): CodeIgniter\Debug\Exceptions->errorHandler(2, 'Trying to acces...', '/Users/barrukur...', 1227)
#1 /Users/barrukurniawan/Documents/gis/system/CodeIgniter.php(928): App\Controllers\Erp\Tasks->client_task_status_chart()
#2 /Users/barrukurniawan/Documents/gis/system/CodeIgniter.php(436): CodeIgniter\CodeIgniter->runController(Object(App\Controllers\Erp\Tasks))
#3 /Users/barrukurniawan/Documents/gis/system/CodeIgniter.php(336): CodeIgniter\CodeIgniter->handleRequest(NULL, Object(Config\Cache), false)
#4 /Users/barrukurniawan/Documents/gis/index.php(45): CodeIgniter\CodeIgniter->run()
#5 {main}
CRITICAL - 2026-05-18 13:54:29 --> Trying to access array offset on null
#0 /Users/barrukurniawan/Documents/gis/app/Controllers/Erp/Tasks.php(1227): CodeIgniter\Debug\Exceptions->errorHandler(2, 'Trying to acces...', '/Users/barrukur...', 1227)
#1 /Users/barrukurniawan/Documents/gis/system/CodeIgniter.php(928): App\Controllers\Erp\Tasks->client_task_status_chart()
#2 /Users/barrukurniawan/Documents/gis/system/CodeIgniter.php(436): CodeIgniter\CodeIgniter->runController(Object(App\Controllers\Erp\Tasks))
#3 /Users/barrukurniawan/Documents/gis/system/CodeIgniter.php(336): CodeIgniter\CodeIgniter->handleRequest(NULL, Object(Config\Cache), false)
#4 /Users/barrukurniawan/Documents/gis/index.php(45): CodeIgniter\CodeIgniter->run()
#5 {main}
CRITICAL - 2026-05-18 13:57:01 --> Trying to access array offset on null
#0 /Users/barrukurniawan/Documents/gis/app/Controllers/Erp/Tasks.php(1227): CodeIgniter\Debug\Exceptions->errorHandler(2, 'Trying to acces...', '/Users/barrukur...', 1227)
#1 /Users/barrukurniawan/Documents/gis/system/CodeIgniter.php(928): App\Controllers\Erp\Tasks->client_task_status_chart()
#2 /Users/barrukurniawan/Documents/gis/system/CodeIgniter.php(436): CodeIgniter\CodeIgniter->runController(Object(App\Controllers\Erp\Tasks))
#3 /Users/barrukurniawan/Documents/gis/system/CodeIgniter.php(336): CodeIgniter\CodeIgniter->handleRequest(NULL, Object(Config\Cache), false)
#4 /Users/barrukurniawan/Documents/gis/index.php(45): CodeIgniter\CodeIgniter->run()
#5 {main}
CRITICAL - 2026-05-18 16:17:36 --> Trying to access array offset on null
#0 /Users/barrukurniawan/Documents/gis/app/Controllers/Erp/Tasks.php(1227): CodeIgniter\Debug\Exceptions->errorHandler(2, 'Trying to acces...', '/Users/barrukur...', 1227)
#1 /Users/barrukurniawan/Documents/gis/system/CodeIgniter.php(928): App\Controllers\Erp\Tasks->client_task_status_chart()
#2 /Users/barrukurniawan/Documents/gis/system/CodeIgniter.php(436): CodeIgniter\CodeIgniter->runController(Object(App\Controllers\Erp\Tasks))
#3 /Users/barrukurniawan/Documents/gis/system/CodeIgniter.php(336): CodeIgniter\CodeIgniter->handleRequest(NULL, Object(Config\Cache), false)
#4 /Users/barrukurniawan/Documents/gis/index.php(45): CodeIgniter\CodeIgniter->run()
#5 {main}
CRITICAL - 2026-05-18 16:30:47 --> Trying to access array offset on null
#0 /Users/barrukurniawan/Documents/gis/app/Controllers/Erp/Tasks.php(1227): CodeIgniter\Debug\Exceptions->errorHandler(2, 'Trying to acces...', '/Users/barrukur...', 1227)
#1 /Users/barrukurniawan/Documents/gis/system/CodeIgniter.php(928): App\Controllers\Erp\Tasks->client_task_status_chart()
#2 /Users/barrukurniawan/Documents/gis/system/CodeIgniter.php(436): CodeIgniter\CodeIgniter->runController(Object(App\Controllers\Erp\Tasks))
#3 /Users/barrukurniawan/Documents/gis/system/CodeIgniter.php(336): CodeIgniter\CodeIgniter->handleRequest(NULL, Object(Config\Cache), false)
#4 /Users/barrukurniawan/Documents/gis/index.php(45): CodeIgniter\CodeIgniter->run()
#5 {main}
CRITICAL - 2026-05-18 16:31:03 --> Trying to access array offset on null
#0 /Users/barrukurniawan/Documents/gis/app/Controllers/Erp/Tasks.php(1227): CodeIgniter\Debug\Exceptions->errorHandler(2, 'Trying to acces...', '/Users/barrukur...', 1227)
#1 /Users/barrukurniawan/Documents/gis/system/CodeIgniter.php(928): App\Controllers\Erp\Tasks->client_task_status_chart()
#2 /Users/barrukurniawan/Documents/gis/system/CodeIgniter.php(436): CodeIgniter\CodeIgniter->runController(Object(App\Controllers\Erp\Tasks))
#3 /Users/barrukurniawan/Documents/gis/system/CodeIgniter.php(336): CodeIgniter\CodeIgniter->handleRequest(NULL, Object(Config\Cache), false)
#4 /Users/barrukurniawan/Documents/gis/index.php(45): CodeIgniter\CodeIgniter->run()
#5 {main}
CRITICAL - 2026-05-18 16:31:42 --> Trying to access array offset on null
#0 /Users/barrukurniawan/Documents/gis/app/Controllers/Erp/Tasks.php(1227): CodeIgniter\Debug\Exceptions->errorHandler(2, 'Trying to acces...', '/Users/barrukur...', 1227)
#1 /Users/barrukurniawan/Documents/gis/system/CodeIgniter.php(928): App\Controllers\Erp\Tasks->client_task_status_chart()
#2 /Users/barrukurniawan/Documents/gis/system/CodeIgniter.php(436): CodeIgniter\CodeIgniter->runController(Object(App\Controllers\Erp\Tasks))
#3 /Users/barrukurniawan/Documents/gis/system/CodeIgniter.php(336): CodeIgniter\CodeIgniter->handleRequest(NULL, Object(Config\Cache), false)
#4 /Users/barrukurniawan/Documents/gis/index.php(45): CodeIgniter\CodeIgniter->run()
#5 {main}
CRITICAL - 2026-05-18 17:33:42 --> Trying to access array offset on null
#0 /Users/barrukurniawan/Documents/gis/app/Controllers/Erp/Tasks.php(1227): CodeIgniter\Debug\Exceptions->errorHandler(2, 'Trying to acces...', '/Users/barrukur...', 1227)
#1 /Users/barrukurniawan/Documents/gis/system/CodeIgniter.php(928): App\Controllers\Erp\Tasks->client_task_status_chart()
#2 /Users/barrukurniawan/Documents/gis/system/CodeIgniter.php(436): CodeIgniter\CodeIgniter->runController(Object(App\Controllers\Erp\Tasks))
#3 /Users/barrukurniawan/Documents/gis/system/CodeIgniter.php(336): CodeIgniter\CodeIgniter->handleRequest(NULL, Object(Config\Cache), false)
#4 /Users/barrukurniawan/Documents/gis/index.php(45): CodeIgniter\CodeIgniter->run()
#5 {main}
