CRITICAL - 2026-05-08 10:37:16 --> Trying to access array offset on null
#0 /Users/barrukurniawan/Documents/globalmaintenance/app/Controllers/Erp/Tasks.php(1227): CodeIgniter\Debug\Exceptions->errorHandler(2, 'Trying to acces...', '/Users/barrukur...', 1227)
#1 /Users/barrukurniawan/Documents/globalmaintenance/system/CodeIgniter.php(928): App\Controllers\Erp\Tasks->client_task_status_chart()
#2 /Users/barrukurniawan/Documents/globalmaintenance/system/CodeIgniter.php(436): CodeIgniter\CodeIgniter->runController(Object(App\Controllers\Erp\Tasks))
#3 /Users/barrukurniawan/Documents/globalmaintenance/system/CodeIgniter.php(336): CodeIgniter\CodeIgniter->handleRequest(NULL, Object(Config\Cache), false)
#4 /Users/barrukurniawan/Documents/globalmaintenance/index.php(45): CodeIgniter\CodeIgniter->run()
#5 {main}
CRITICAL - 2026-05-08 10:39:21 --> Trying to access array offset on null
#0 /Users/barrukurniawan/Documents/globalmaintenance/app/Controllers/Erp/Tasks.php(1227): CodeIgniter\Debug\Exceptions->errorHandler(2, 'Trying to acces...', '/Users/barrukur...', 1227)
#1 /Users/barrukurniawan/Documents/globalmaintenance/system/CodeIgniter.php(928): App\Controllers\Erp\Tasks->client_task_status_chart()
#2 /Users/barrukurniawan/Documents/globalmaintenance/system/CodeIgniter.php(436): CodeIgniter\CodeIgniter->runController(Object(App\Controllers\Erp\Tasks))
#3 /Users/barrukurniawan/Documents/globalmaintenance/system/CodeIgniter.php(336): CodeIgniter\CodeIgniter->handleRequest(NULL, Object(Config\Cache), false)
#4 /Users/barrukurniawan/Documents/globalmaintenance/index.php(45): CodeIgniter\CodeIgniter->run()
#5 {main}
CRITICAL - 2026-05-08 10:44:36 --> Trying to access array offset on null
#0 /Users/barrukurniawan/Documents/globalmaintenance/app/Controllers/Erp/Tasks.php(1227): CodeIgniter\Debug\Exceptions->errorHandler(2, 'Trying to acces...', '/Users/barrukur...', 1227)
#1 /Users/barrukurniawan/Documents/globalmaintenance/system/CodeIgniter.php(928): App\Controllers\Erp\Tasks->client_task_status_chart()
#2 /Users/barrukurniawan/Documents/globalmaintenance/system/CodeIgniter.php(436): CodeIgniter\CodeIgniter->runController(Object(App\Controllers\Erp\Tasks))
#3 /Users/barrukurniawan/Documents/globalmaintenance/system/CodeIgniter.php(336): CodeIgniter\CodeIgniter->handleRequest(NULL, Object(Config\Cache), false)
#4 /Users/barrukurniawan/Documents/globalmaintenance/index.php(45): CodeIgniter\CodeIgniter->run()
#5 {main}
CRITICAL - 2026-05-08 11:04:41 --> Trying to access array offset on null
#0 /Users/barrukurniawan/Documents/globalmaintenance/app/Controllers/Erp/Tasks.php(1227): CodeIgniter\Debug\Exceptions->errorHandler(2, 'Trying to acces...', '/Users/barrukur...', 1227)
#1 /Users/barrukurniawan/Documents/globalmaintenance/system/CodeIgniter.php(928): App\Controllers\Erp\Tasks->client_task_status_chart()
#2 /Users/barrukurniawan/Documents/globalmaintenance/system/CodeIgniter.php(436): CodeIgniter\CodeIgniter->runController(Object(App\Controllers\Erp\Tasks))
#3 /Users/barrukurniawan/Documents/globalmaintenance/system/CodeIgniter.php(336): CodeIgniter\CodeIgniter->handleRequest(NULL, Object(Config\Cache), false)
#4 /Users/barrukurniawan/Documents/globalmaintenance/index.php(45): CodeIgniter\CodeIgniter->run()
#5 {main}
CRITICAL - 2026-05-08 11:20:07 --> Trying to access array offset on null
#0 /Users/barrukurniawan/Documents/globalmaintenance/app/Controllers/Erp/Tasks.php(1227): CodeIgniter\Debug\Exceptions->errorHandler(2, 'Trying to acces...', '/Users/barrukur...', 1227)
#1 /Users/barrukurniawan/Documents/globalmaintenance/system/CodeIgniter.php(928): App\Controllers\Erp\Tasks->client_task_status_chart()
#2 /Users/barrukurniawan/Documents/globalmaintenance/system/CodeIgniter.php(436): CodeIgniter\CodeIgniter->runController(Object(App\Controllers\Erp\Tasks))
#3 /Users/barrukurniawan/Documents/globalmaintenance/system/CodeIgniter.php(336): CodeIgniter\CodeIgniter->handleRequest(NULL, Object(Config\Cache), false)
#4 /Users/barrukurniawan/Documents/globalmaintenance/index.php(45): CodeIgniter\CodeIgniter->run()
#5 {main}
CRITICAL - 2026-05-08 02:24:06 --> The action you requested is not allowed.
#0 /Users/barrukurniawan/Documents/globalmaintenance/system/Security/Security.php(240): CodeIgniter\Security\Exceptions\SecurityException::forDisallowedAction()
#1 /Users/barrukurniawan/Documents/globalmaintenance/system/Filters/CSRF.php(57): CodeIgniter\Security\Security->verify(Object(CodeIgniter\HTTP\IncomingRequest))
#2 /Users/barrukurniawan/Documents/globalmaintenance/system/Filters/Filters.php(181): CodeIgniter\Filters\CSRF->before(Object(CodeIgniter\HTTP\IncomingRequest), NULL)
#3 /Users/barrukurniawan/Documents/globalmaintenance/system/CodeIgniter.php(407): CodeIgniter\Filters\Filters->run('/erp/auth/login', 'before')
#4 /Users/barrukurniawan/Documents/globalmaintenance/system/CodeIgniter.php(336): CodeIgniter\CodeIgniter->handleRequest(NULL, Object(Config\Cache), false)
#5 /Users/barrukurniawan/Documents/globalmaintenance/index.php(45): CodeIgniter\CodeIgniter->run()
#6 {main}
CRITICAL - 2026-05-08 14:24:27 --> Trying to access array offset on null
#0 /Users/barrukurniawan/Documents/globalmaintenance/app/Controllers/Erp/Tasks.php(1227): CodeIgniter\Debug\Exceptions->errorHandler(2, 'Trying to acces...', '/Users/barrukur...', 1227)
#1 /Users/barrukurniawan/Documents/globalmaintenance/system/CodeIgniter.php(928): App\Controllers\Erp\Tasks->client_task_status_chart()
#2 /Users/barrukurniawan/Documents/globalmaintenance/system/CodeIgniter.php(436): CodeIgniter\CodeIgniter->runController(Object(App\Controllers\Erp\Tasks))
#3 /Users/barrukurniawan/Documents/globalmaintenance/system/CodeIgniter.php(336): CodeIgniter\CodeIgniter->handleRequest(NULL, Object(Config\Cache), false)
#4 /Users/barrukurniawan/Documents/globalmaintenance/index.php(45): CodeIgniter\CodeIgniter->run()
#5 {main}
