CRITICAL - 2025-12-03 14:55:09 --> Trying to access array offset on value of type null
#0 /DATA/globalmaintenanc/integratedsystems.globalmaintenance.co.id/app/Controllers/Erp/Tasks.php(1227): CodeIgniter\Debug\Exceptions->errorHandler()
#1 /DATA/globalmaintenanc/integratedsystems.globalmaintenance.co.id/system/CodeIgniter.php(928): App\Controllers\Erp\Tasks->client_task_status_chart()
#2 /DATA/globalmaintenanc/integratedsystems.globalmaintenance.co.id/system/CodeIgniter.php(436): CodeIgniter\CodeIgniter->runController()
#3 /DATA/globalmaintenanc/integratedsystems.globalmaintenance.co.id/system/CodeIgniter.php(336): CodeIgniter\CodeIgniter->handleRequest()
#4 /DATA/globalmaintenanc/integratedsystems.globalmaintenance.co.id/index.php(45): CodeIgniter\CodeIgniter->run()
#5 {main}
CRITICAL - 2025-12-03 15:13:31 --> Trying to access array offset on value of type null
#0 /DATA/globalmaintenanc/integratedsystems.globalmaintenance.co.id/app/Controllers/Erp/Tasks.php(1227): CodeIgniter\Debug\Exceptions->errorHandler()
#1 /DATA/globalmaintenanc/integratedsystems.globalmaintenance.co.id/system/CodeIgniter.php(928): App\Controllers\Erp\Tasks->client_task_status_chart()
#2 /DATA/globalmaintenanc/integratedsystems.globalmaintenance.co.id/system/CodeIgniter.php(436): CodeIgniter\CodeIgniter->runController()
#3 /DATA/globalmaintenanc/integratedsystems.globalmaintenance.co.id/system/CodeIgniter.php(336): CodeIgniter\CodeIgniter->handleRequest()
#4 /DATA/globalmaintenanc/integratedsystems.globalmaintenance.co.id/index.php(45): CodeIgniter\CodeIgniter->run()
#5 {main}
CRITICAL - 2025-12-03 15:13:44 --> Trying to access array offset on value of type null
#0 /DATA/globalmaintenanc/integratedsystems.globalmaintenance.co.id/app/Views/erp/profile/staff_profile.php(96): CodeIgniter\Debug\Exceptions->errorHandler()
#1 /DATA/globalmaintenanc/integratedsystems.globalmaintenance.co.id/system/View/View.php(230): include('/DATA/globalmai...')
#2 /DATA/globalmaintenanc/integratedsystems.globalmaintenance.co.id/system/View/View.php(232): CodeIgniter\View\View->CodeIgniter\View\{closure}()
#3 /DATA/globalmaintenanc/integratedsystems.globalmaintenance.co.id/system/Common.php(1271): CodeIgniter\View\View->render()
#4 /DATA/globalmaintenanc/integratedsystems.globalmaintenance.co.id/app/Views/erp/profile/my_profile.php(23): view()
#5 /DATA/globalmaintenanc/integratedsystems.globalmaintenance.co.id/system/View/View.php(230): include('/DATA/globalmai...')
#6 /DATA/globalmaintenanc/integratedsystems.globalmaintenance.co.id/system/View/View.php(232): CodeIgniter\View\View->CodeIgniter\View\{closure}()
#7 /DATA/globalmaintenanc/integratedsystems.globalmaintenance.co.id/system/Common.php(1271): CodeIgniter\View\View->render()
#8 /DATA/globalmaintenanc/integratedsystems.globalmaintenance.co.id/app/Controllers/Erp/Profile.php(48): view()
#9 /DATA/globalmaintenanc/integratedsystems.globalmaintenance.co.id/system/CodeIgniter.php(928): App\Controllers\Erp\Profile->index()
#10 /DATA/globalmaintenanc/integratedsystems.globalmaintenance.co.id/system/CodeIgniter.php(436): CodeIgniter\CodeIgniter->runController()
#11 /DATA/globalmaintenanc/integratedsystems.globalmaintenance.co.id/system/CodeIgniter.php(336): CodeIgniter\CodeIgniter->handleRequest()
#12 /DATA/globalmaintenanc/integratedsystems.globalmaintenance.co.id/index.php(45): CodeIgniter\CodeIgniter->run()
#13 {main}
CRITICAL - 2025-12-03 15:14:06 --> Trying to access array offset on value of type null
#0 /DATA/globalmaintenanc/integratedsystems.globalmaintenance.co.id/app/Views/erp/profile/staff_profile.php(96): CodeIgniter\Debug\Exceptions->errorHandler()
#1 /DATA/globalmaintenanc/integratedsystems.globalmaintenance.co.id/system/View/View.php(230): include('/DATA/globalmai...')
#2 /DATA/globalmaintenanc/integratedsystems.globalmaintenance.co.id/system/View/View.php(232): CodeIgniter\View\View->CodeIgniter\View\{closure}()
#3 /DATA/globalmaintenanc/integratedsystems.globalmaintenance.co.id/system/Common.php(1271): CodeIgniter\View\View->render()
#4 /DATA/globalmaintenanc/integratedsystems.globalmaintenance.co.id/app/Views/erp/profile/my_profile.php(23): view()
#5 /DATA/globalmaintenanc/integratedsystems.globalmaintenance.co.id/system/View/View.php(230): include('/DATA/globalmai...')
#6 /DATA/globalmaintenanc/integratedsystems.globalmaintenance.co.id/system/View/View.php(232): CodeIgniter\View\View->CodeIgniter\View\{closure}()
#7 /DATA/globalmaintenanc/integratedsystems.globalmaintenance.co.id/system/Common.php(1271): CodeIgniter\View\View->render()
#8 /DATA/globalmaintenanc/integratedsystems.globalmaintenance.co.id/app/Controllers/Erp/Profile.php(48): view()
#9 /DATA/globalmaintenanc/integratedsystems.globalmaintenance.co.id/system/CodeIgniter.php(928): App\Controllers\Erp\Profile->index()
#10 /DATA/globalmaintenanc/integratedsystems.globalmaintenance.co.id/system/CodeIgniter.php(436): CodeIgniter\CodeIgniter->runController()
#11 /DATA/globalmaintenanc/integratedsystems.globalmaintenance.co.id/system/CodeIgniter.php(336): CodeIgniter\CodeIgniter->handleRequest()
#12 /DATA/globalmaintenanc/integratedsystems.globalmaintenance.co.id/index.php(45): CodeIgniter\CodeIgniter->run()
#13 {main}
CRITICAL - 2025-12-03 15:14:09 --> Trying to access array offset on value of type null
#0 /DATA/globalmaintenanc/integratedsystems.globalmaintenance.co.id/app/Views/erp/profile/staff_profile.php(96): CodeIgniter\Debug\Exceptions->errorHandler()
#1 /DATA/globalmaintenanc/integratedsystems.globalmaintenance.co.id/system/View/View.php(230): include('/DATA/globalmai...')
#2 /DATA/globalmaintenanc/integratedsystems.globalmaintenance.co.id/system/View/View.php(232): CodeIgniter\View\View->CodeIgniter\View\{closure}()
#3 /DATA/globalmaintenanc/integratedsystems.globalmaintenance.co.id/system/Common.php(1271): CodeIgniter\View\View->render()
#4 /DATA/globalmaintenanc/integratedsystems.globalmaintenance.co.id/app/Views/erp/profile/my_profile.php(23): view()
#5 /DATA/globalmaintenanc/integratedsystems.globalmaintenance.co.id/system/View/View.php(230): include('/DATA/globalmai...')
#6 /DATA/globalmaintenanc/integratedsystems.globalmaintenance.co.id/system/View/View.php(232): CodeIgniter\View\View->CodeIgniter\View\{closure}()
#7 /DATA/globalmaintenanc/integratedsystems.globalmaintenance.co.id/system/Common.php(1271): CodeIgniter\View\View->render()
#8 /DATA/globalmaintenanc/integratedsystems.globalmaintenance.co.id/app/Controllers/Erp/Profile.php(48): view()
#9 /DATA/globalmaintenanc/integratedsystems.globalmaintenance.co.id/system/CodeIgniter.php(928): App\Controllers\Erp\Profile->index()
#10 /DATA/globalmaintenanc/integratedsystems.globalmaintenance.co.id/system/CodeIgniter.php(436): CodeIgniter\CodeIgniter->runController()
#11 /DATA/globalmaintenanc/integratedsystems.globalmaintenance.co.id/system/CodeIgniter.php(336): CodeIgniter\CodeIgniter->handleRequest()
#12 /DATA/globalmaintenanc/integratedsystems.globalmaintenance.co.id/index.php(45): CodeIgniter\CodeIgniter->run()
#13 {main}
CRITICAL - 2025-12-03 15:14:16 --> Trying to access array offset on value of type null
#0 /DATA/globalmaintenanc/integratedsystems.globalmaintenance.co.id/app/Views/erp/profile/staff_profile.php(96): CodeIgniter\Debug\Exceptions->errorHandler()
#1 /DATA/globalmaintenanc/integratedsystems.globalmaintenance.co.id/system/View/View.php(230): include('/DATA/globalmai...')
#2 /DATA/globalmaintenanc/integratedsystems.globalmaintenance.co.id/system/View/View.php(232): CodeIgniter\View\View->CodeIgniter\View\{closure}()
#3 /DATA/globalmaintenanc/integratedsystems.globalmaintenance.co.id/system/Common.php(1271): CodeIgniter\View\View->render()
#4 /DATA/globalmaintenanc/integratedsystems.globalmaintenance.co.id/app/Views/erp/profile/my_profile.php(23): view()
#5 /DATA/globalmaintenanc/integratedsystems.globalmaintenance.co.id/system/View/View.php(230): include('/DATA/globalmai...')
#6 /DATA/globalmaintenanc/integratedsystems.globalmaintenance.co.id/system/View/View.php(232): CodeIgniter\View\View->CodeIgniter\View\{closure}()
#7 /DATA/globalmaintenanc/integratedsystems.globalmaintenance.co.id/system/Common.php(1271): CodeIgniter\View\View->render()
#8 /DATA/globalmaintenanc/integratedsystems.globalmaintenance.co.id/app/Controllers/Erp/Profile.php(48): view()
#9 /DATA/globalmaintenanc/integratedsystems.globalmaintenance.co.id/system/CodeIgniter.php(928): App\Controllers\Erp\Profile->index()
#10 /DATA/globalmaintenanc/integratedsystems.globalmaintenance.co.id/system/CodeIgniter.php(436): CodeIgniter\CodeIgniter->runController()
#11 /DATA/globalmaintenanc/integratedsystems.globalmaintenance.co.id/system/CodeIgniter.php(336): CodeIgniter\CodeIgniter->handleRequest()
#12 /DATA/globalmaintenanc/integratedsystems.globalmaintenance.co.id/index.php(45): CodeIgniter\CodeIgniter->run()
#13 {main}
CRITICAL - 2025-12-03 15:14:40 --> Trying to access array offset on value of type null
#0 /DATA/globalmaintenanc/integratedsystems.globalmaintenance.co.id/app/Controllers/Erp/Tasks.php(1227): CodeIgniter\Debug\Exceptions->errorHandler()
#1 /DATA/globalmaintenanc/integratedsystems.globalmaintenance.co.id/system/CodeIgniter.php(928): App\Controllers\Erp\Tasks->client_task_status_chart()
#2 /DATA/globalmaintenanc/integratedsystems.globalmaintenance.co.id/system/CodeIgniter.php(436): CodeIgniter\CodeIgniter->runController()
#3 /DATA/globalmaintenanc/integratedsystems.globalmaintenance.co.id/system/CodeIgniter.php(336): CodeIgniter\CodeIgniter->handleRequest()
#4 /DATA/globalmaintenanc/integratedsystems.globalmaintenance.co.id/index.php(45): CodeIgniter\CodeIgniter->run()
#5 {main}
CRITICAL - 2025-12-03 15:15:39 --> Trying to access array offset on value of type null
#0 /DATA/globalmaintenanc/integratedsystems.globalmaintenance.co.id/app/Controllers/Erp/Tasks.php(1227): CodeIgniter\Debug\Exceptions->errorHandler()
#1 /DATA/globalmaintenanc/integratedsystems.globalmaintenance.co.id/system/CodeIgniter.php(928): App\Controllers\Erp\Tasks->client_task_status_chart()
#2 /DATA/globalmaintenanc/integratedsystems.globalmaintenance.co.id/system/CodeIgniter.php(436): CodeIgniter\CodeIgniter->runController()
#3 /DATA/globalmaintenanc/integratedsystems.globalmaintenance.co.id/system/CodeIgniter.php(336): CodeIgniter\CodeIgniter->handleRequest()
#4 /DATA/globalmaintenanc/integratedsystems.globalmaintenance.co.id/index.php(45): CodeIgniter\CodeIgniter->run()
#5 {main}
CRITICAL - 2025-12-03 15:16:09 --> Trying to access array offset on value of type null
#0 /DATA/globalmaintenanc/integratedsystems.globalmaintenance.co.id/app/Views/erp/profile/staff_profile.php(96): CodeIgniter\Debug\Exceptions->errorHandler()
#1 /DATA/globalmaintenanc/integratedsystems.globalmaintenance.co.id/system/View/View.php(230): include('/DATA/globalmai...')
#2 /DATA/globalmaintenanc/integratedsystems.globalmaintenance.co.id/system/View/View.php(232): CodeIgniter\View\View->CodeIgniter\View\{closure}()
#3 /DATA/globalmaintenanc/integratedsystems.globalmaintenance.co.id/system/Common.php(1271): CodeIgniter\View\View->render()
#4 /DATA/globalmaintenanc/integratedsystems.globalmaintenance.co.id/app/Views/erp/profile/my_profile.php(23): view()
#5 /DATA/globalmaintenanc/integratedsystems.globalmaintenance.co.id/system/View/View.php(230): include('/DATA/globalmai...')
#6 /DATA/globalmaintenanc/integratedsystems.globalmaintenance.co.id/system/View/View.php(232): CodeIgniter\View\View->CodeIgniter\View\{closure}()
#7 /DATA/globalmaintenanc/integratedsystems.globalmaintenance.co.id/system/Common.php(1271): CodeIgniter\View\View->render()
#8 /DATA/globalmaintenanc/integratedsystems.globalmaintenance.co.id/app/Controllers/Erp/Profile.php(48): view()
#9 /DATA/globalmaintenanc/integratedsystems.globalmaintenance.co.id/system/CodeIgniter.php(928): App\Controllers\Erp\Profile->index()
#10 /DATA/globalmaintenanc/integratedsystems.globalmaintenance.co.id/system/CodeIgniter.php(436): CodeIgniter\CodeIgniter->runController()
#11 /DATA/globalmaintenanc/integratedsystems.globalmaintenance.co.id/system/CodeIgniter.php(336): CodeIgniter\CodeIgniter->handleRequest()
#12 /DATA/globalmaintenanc/integratedsystems.globalmaintenance.co.id/index.php(45): CodeIgniter\CodeIgniter->run()
#13 {main}
CRITICAL - 2025-12-03 15:16:13 --> Trying to access array offset on value of type null
#0 /DATA/globalmaintenanc/integratedsystems.globalmaintenance.co.id/app/Views/erp/profile/staff_profile.php(96): CodeIgniter\Debug\Exceptions->errorHandler()
#1 /DATA/globalmaintenanc/integratedsystems.globalmaintenance.co.id/system/View/View.php(230): include('/DATA/globalmai...')
#2 /DATA/globalmaintenanc/integratedsystems.globalmaintenance.co.id/system/View/View.php(232): CodeIgniter\View\View->CodeIgniter\View\{closure}()
#3 /DATA/globalmaintenanc/integratedsystems.globalmaintenance.co.id/system/Common.php(1271): CodeIgniter\View\View->render()
#4 /DATA/globalmaintenanc/integratedsystems.globalmaintenance.co.id/app/Views/erp/profile/my_profile.php(23): view()
#5 /DATA/globalmaintenanc/integratedsystems.globalmaintenance.co.id/system/View/View.php(230): include('/DATA/globalmai...')
#6 /DATA/globalmaintenanc/integratedsystems.globalmaintenance.co.id/system/View/View.php(232): CodeIgniter\View\View->CodeIgniter\View\{closure}()
#7 /DATA/globalmaintenanc/integratedsystems.globalmaintenance.co.id/system/Common.php(1271): CodeIgniter\View\View->render()
#8 /DATA/globalmaintenanc/integratedsystems.globalmaintenance.co.id/app/Controllers/Erp/Profile.php(48): view()
#9 /DATA/globalmaintenanc/integratedsystems.globalmaintenance.co.id/system/CodeIgniter.php(928): App\Controllers\Erp\Profile->index()
#10 /DATA/globalmaintenanc/integratedsystems.globalmaintenance.co.id/system/CodeIgniter.php(436): CodeIgniter\CodeIgniter->runController()
#11 /DATA/globalmaintenanc/integratedsystems.globalmaintenance.co.id/system/CodeIgniter.php(336): CodeIgniter\CodeIgniter->handleRequest()
#12 /DATA/globalmaintenanc/integratedsystems.globalmaintenance.co.id/index.php(45): CodeIgniter\CodeIgniter->run()
#13 {main}
CRITICAL - 2025-12-03 15:16:22 --> Trying to access array offset on value of type null
#0 /DATA/globalmaintenanc/integratedsystems.globalmaintenance.co.id/app/Views/erp/profile/staff_profile.php(96): CodeIgniter\Debug\Exceptions->errorHandler()
#1 /DATA/globalmaintenanc/integratedsystems.globalmaintenance.co.id/system/View/View.php(230): include('/DATA/globalmai...')
#2 /DATA/globalmaintenanc/integratedsystems.globalmaintenance.co.id/system/View/View.php(232): CodeIgniter\View\View->CodeIgniter\View\{closure}()
#3 /DATA/globalmaintenanc/integratedsystems.globalmaintenance.co.id/system/Common.php(1271): CodeIgniter\View\View->render()
#4 /DATA/globalmaintenanc/integratedsystems.globalmaintenance.co.id/app/Views/erp/profile/my_profile.php(23): view()
#5 /DATA/globalmaintenanc/integratedsystems.globalmaintenance.co.id/system/View/View.php(230): include('/DATA/globalmai...')
#6 /DATA/globalmaintenanc/integratedsystems.globalmaintenance.co.id/system/View/View.php(232): CodeIgniter\View\View->CodeIgniter\View\{closure}()
#7 /DATA/globalmaintenanc/integratedsystems.globalmaintenance.co.id/system/Common.php(1271): CodeIgniter\View\View->render()
#8 /DATA/globalmaintenanc/integratedsystems.globalmaintenance.co.id/app/Controllers/Erp/Profile.php(48): view()
#9 /DATA/globalmaintenanc/integratedsystems.globalmaintenance.co.id/system/CodeIgniter.php(928): App\Controllers\Erp\Profile->index()
#10 /DATA/globalmaintenanc/integratedsystems.globalmaintenance.co.id/system/CodeIgniter.php(436): CodeIgniter\CodeIgniter->runController()
#11 /DATA/globalmaintenanc/integratedsystems.globalmaintenance.co.id/system/CodeIgniter.php(336): CodeIgniter\CodeIgniter->handleRequest()
#12 /DATA/globalmaintenanc/integratedsystems.globalmaintenance.co.id/index.php(45): CodeIgniter\CodeIgniter->run()
#13 {main}
CRITICAL - 2025-12-03 15:16:28 --> Trying to access array offset on value of type null
#0 /DATA/globalmaintenanc/integratedsystems.globalmaintenance.co.id/app/Controllers/Erp/Tasks.php(1227): CodeIgniter\Debug\Exceptions->errorHandler()
#1 /DATA/globalmaintenanc/integratedsystems.globalmaintenance.co.id/system/CodeIgniter.php(928): App\Controllers\Erp\Tasks->client_task_status_chart()
#2 /DATA/globalmaintenanc/integratedsystems.globalmaintenance.co.id/system/CodeIgniter.php(436): CodeIgniter\CodeIgniter->runController()
#3 /DATA/globalmaintenanc/integratedsystems.globalmaintenance.co.id/system/CodeIgniter.php(336): CodeIgniter\CodeIgniter->handleRequest()
#4 /DATA/globalmaintenanc/integratedsystems.globalmaintenance.co.id/index.php(45): CodeIgniter\CodeIgniter->run()
#5 {main}
CRITICAL - 2025-12-03 15:16:34 --> Trying to access array offset on value of type null
#0 /DATA/globalmaintenanc/integratedsystems.globalmaintenance.co.id/app/Views/erp/profile/staff_profile.php(96): CodeIgniter\Debug\Exceptions->errorHandler()
#1 /DATA/globalmaintenanc/integratedsystems.globalmaintenance.co.id/system/View/View.php(230): include('/DATA/globalmai...')
#2 /DATA/globalmaintenanc/integratedsystems.globalmaintenance.co.id/system/View/View.php(232): CodeIgniter\View\View->CodeIgniter\View\{closure}()
#3 /DATA/globalmaintenanc/integratedsystems.globalmaintenance.co.id/system/Common.php(1271): CodeIgniter\View\View->render()
#4 /DATA/globalmaintenanc/integratedsystems.globalmaintenance.co.id/app/Views/erp/profile/my_profile.php(23): view()
#5 /DATA/globalmaintenanc/integratedsystems.globalmaintenance.co.id/system/View/View.php(230): include('/DATA/globalmai...')
#6 /DATA/globalmaintenanc/integratedsystems.globalmaintenance.co.id/system/View/View.php(232): CodeIgniter\View\View->CodeIgniter\View\{closure}()
#7 /DATA/globalmaintenanc/integratedsystems.globalmaintenance.co.id/system/Common.php(1271): CodeIgniter\View\View->render()
#8 /DATA/globalmaintenanc/integratedsystems.globalmaintenance.co.id/app/Controllers/Erp/Profile.php(48): view()
#9 /DATA/globalmaintenanc/integratedsystems.globalmaintenance.co.id/system/CodeIgniter.php(928): App\Controllers\Erp\Profile->index()
#10 /DATA/globalmaintenanc/integratedsystems.globalmaintenance.co.id/system/CodeIgniter.php(436): CodeIgniter\CodeIgniter->runController()
#11 /DATA/globalmaintenanc/integratedsystems.globalmaintenance.co.id/system/CodeIgniter.php(336): CodeIgniter\CodeIgniter->handleRequest()
#12 /DATA/globalmaintenanc/integratedsystems.globalmaintenance.co.id/index.php(45): CodeIgniter\CodeIgniter->run()
#13 {main}
CRITICAL - 2025-12-03 15:16:43 --> Trying to access array offset on value of type null
#0 /DATA/globalmaintenanc/integratedsystems.globalmaintenance.co.id/app/Controllers/Erp/Tasks.php(1227): CodeIgniter\Debug\Exceptions->errorHandler()
#1 /DATA/globalmaintenanc/integratedsystems.globalmaintenance.co.id/system/CodeIgniter.php(928): App\Controllers\Erp\Tasks->client_task_status_chart()
#2 /DATA/globalmaintenanc/integratedsystems.globalmaintenance.co.id/system/CodeIgniter.php(436): CodeIgniter\CodeIgniter->runController()
#3 /DATA/globalmaintenanc/integratedsystems.globalmaintenance.co.id/system/CodeIgniter.php(336): CodeIgniter\CodeIgniter->handleRequest()
#4 /DATA/globalmaintenanc/integratedsystems.globalmaintenance.co.id/index.php(45): CodeIgniter\CodeIgniter->run()
#5 {main}
CRITICAL - 2025-12-03 15:16:57 --> Trying to access array offset on value of type null
#0 /DATA/globalmaintenanc/integratedsystems.globalmaintenance.co.id/app/Controllers/Erp/Tasks.php(1227): CodeIgniter\Debug\Exceptions->errorHandler()
#1 /DATA/globalmaintenanc/integratedsystems.globalmaintenance.co.id/system/CodeIgniter.php(928): App\Controllers\Erp\Tasks->client_task_status_chart()
#2 /DATA/globalmaintenanc/integratedsystems.globalmaintenance.co.id/system/CodeIgniter.php(436): CodeIgniter\CodeIgniter->runController()
#3 /DATA/globalmaintenanc/integratedsystems.globalmaintenance.co.id/system/CodeIgniter.php(336): CodeIgniter\CodeIgniter->handleRequest()
#4 /DATA/globalmaintenanc/integratedsystems.globalmaintenance.co.id/index.php(45): CodeIgniter\CodeIgniter->run()
#5 {main}
CRITICAL - 2025-12-03 15:17:10 --> Trying to access array offset on value of type null
#0 /DATA/globalmaintenanc/integratedsystems.globalmaintenance.co.id/app/Views/erp/employees/staff_details.php(107): CodeIgniter\Debug\Exceptions->errorHandler()
#1 /DATA/globalmaintenanc/integratedsystems.globalmaintenance.co.id/system/View/View.php(230): include('/DATA/globalmai...')
#2 /DATA/globalmaintenanc/integratedsystems.globalmaintenance.co.id/system/View/View.php(232): CodeIgniter\View\View->CodeIgniter\View\{closure}()
#3 /DATA/globalmaintenanc/integratedsystems.globalmaintenance.co.id/system/Common.php(1271): CodeIgniter\View\View->render()
#4 /DATA/globalmaintenanc/integratedsystems.globalmaintenance.co.id/app/Controllers/Erp/Employees.php(165): view()
#5 /DATA/globalmaintenanc/integratedsystems.globalmaintenance.co.id/system/CodeIgniter.php(928): App\Controllers\Erp\Employees->staff_details()
#6 /DATA/globalmaintenanc/integratedsystems.globalmaintenance.co.id/system/CodeIgniter.php(436): CodeIgniter\CodeIgniter->runController()
#7 /DATA/globalmaintenanc/integratedsystems.globalmaintenance.co.id/system/CodeIgniter.php(336): CodeIgniter\CodeIgniter->handleRequest()
#8 /DATA/globalmaintenanc/integratedsystems.globalmaintenance.co.id/index.php(45): CodeIgniter\CodeIgniter->run()
#9 {main}
