CRITICAL - 2024-02-06 11:12:38 --> Trying to access array offset on value of type null
#0 /home/globalmaintenanc/integratedsystems.globalmaintenance.co.id/app/Views/erp/employees/staff_details.php(107): CodeIgniter\Debug\Exceptions->errorHandler()
#1 /home/globalmaintenanc/integratedsystems.globalmaintenance.co.id/system/View/View.php(230): include('/home/globalmai...')
#2 /home/globalmaintenanc/integratedsystems.globalmaintenance.co.id/system/View/View.php(232): CodeIgniter\View\View->CodeIgniter\View\{closure}()
#3 /home/globalmaintenanc/integratedsystems.globalmaintenance.co.id/system/Common.php(1271): CodeIgniter\View\View->render()
#4 /home/globalmaintenanc/integratedsystems.globalmaintenance.co.id/app/Controllers/Erp/Employees.php(165): view()
#5 /home/globalmaintenanc/integratedsystems.globalmaintenance.co.id/system/CodeIgniter.php(928): App\Controllers\Erp\Employees->staff_details()
#6 /home/globalmaintenanc/integratedsystems.globalmaintenance.co.id/system/CodeIgniter.php(436): CodeIgniter\CodeIgniter->runController()
#7 /home/globalmaintenanc/integratedsystems.globalmaintenance.co.id/system/CodeIgniter.php(336): CodeIgniter\CodeIgniter->handleRequest()
#8 /home/globalmaintenanc/integratedsystems.globalmaintenance.co.id/index.php(45): CodeIgniter\CodeIgniter->run()
#9 {main}
CRITICAL - 2024-02-06 11:13:17 --> Trying to access array offset on value of type null
#0 /home/globalmaintenanc/integratedsystems.globalmaintenance.co.id/app/Views/erp/employees/staff_details.php(107): CodeIgniter\Debug\Exceptions->errorHandler()
#1 /home/globalmaintenanc/integratedsystems.globalmaintenance.co.id/system/View/View.php(230): include('/home/globalmai...')
#2 /home/globalmaintenanc/integratedsystems.globalmaintenance.co.id/system/View/View.php(232): CodeIgniter\View\View->CodeIgniter\View\{closure}()
#3 /home/globalmaintenanc/integratedsystems.globalmaintenance.co.id/system/Common.php(1271): CodeIgniter\View\View->render()
#4 /home/globalmaintenanc/integratedsystems.globalmaintenance.co.id/app/Controllers/Erp/Employees.php(165): view()
#5 /home/globalmaintenanc/integratedsystems.globalmaintenance.co.id/system/CodeIgniter.php(928): App\Controllers\Erp\Employees->staff_details()
#6 /home/globalmaintenanc/integratedsystems.globalmaintenance.co.id/system/CodeIgniter.php(436): CodeIgniter\CodeIgniter->runController()
#7 /home/globalmaintenanc/integratedsystems.globalmaintenance.co.id/system/CodeIgniter.php(336): CodeIgniter\CodeIgniter->handleRequest()
#8 /home/globalmaintenanc/integratedsystems.globalmaintenance.co.id/index.php(45): CodeIgniter\CodeIgniter->run()
#9 {main}
CRITICAL - 2024-02-06 11:20:25 --> Trying to access array offset on value of type null
#0 /home/globalmaintenanc/integratedsystems.globalmaintenance.co.id/app/Views/erp/employees/staff_details.php(107): CodeIgniter\Debug\Exceptions->errorHandler()
#1 /home/globalmaintenanc/integratedsystems.globalmaintenance.co.id/system/View/View.php(230): include('/home/globalmai...')
#2 /home/globalmaintenanc/integratedsystems.globalmaintenance.co.id/system/View/View.php(232): CodeIgniter\View\View->CodeIgniter\View\{closure}()
#3 /home/globalmaintenanc/integratedsystems.globalmaintenance.co.id/system/Common.php(1271): CodeIgniter\View\View->render()
#4 /home/globalmaintenanc/integratedsystems.globalmaintenance.co.id/app/Controllers/Erp/Employees.php(165): view()
#5 /home/globalmaintenanc/integratedsystems.globalmaintenance.co.id/system/CodeIgniter.php(928): App\Controllers\Erp\Employees->staff_details()
#6 /home/globalmaintenanc/integratedsystems.globalmaintenance.co.id/system/CodeIgniter.php(436): CodeIgniter\CodeIgniter->runController()
#7 /home/globalmaintenanc/integratedsystems.globalmaintenance.co.id/system/CodeIgniter.php(336): CodeIgniter\CodeIgniter->handleRequest()
#8 /home/globalmaintenanc/integratedsystems.globalmaintenance.co.id/index.php(45): CodeIgniter\CodeIgniter->run()
#9 {main}
CRITICAL - 2024-02-06 11:26:03 --> Trying to access array offset on value of type null
#0 /home/globalmaintenanc/integratedsystems.globalmaintenance.co.id/app/Views/erp/employees/staff_details.php(107): CodeIgniter\Debug\Exceptions->errorHandler()
#1 /home/globalmaintenanc/integratedsystems.globalmaintenance.co.id/system/View/View.php(230): include('/home/globalmai...')
#2 /home/globalmaintenanc/integratedsystems.globalmaintenance.co.id/system/View/View.php(232): CodeIgniter\View\View->CodeIgniter\View\{closure}()
#3 /home/globalmaintenanc/integratedsystems.globalmaintenance.co.id/system/Common.php(1271): CodeIgniter\View\View->render()
#4 /home/globalmaintenanc/integratedsystems.globalmaintenance.co.id/app/Controllers/Erp/Employees.php(165): view()
#5 /home/globalmaintenanc/integratedsystems.globalmaintenance.co.id/system/CodeIgniter.php(928): App\Controllers\Erp\Employees->staff_details()
#6 /home/globalmaintenanc/integratedsystems.globalmaintenance.co.id/system/CodeIgniter.php(436): CodeIgniter\CodeIgniter->runController()
#7 /home/globalmaintenanc/integratedsystems.globalmaintenance.co.id/system/CodeIgniter.php(336): CodeIgniter\CodeIgniter->handleRequest()
#8 /home/globalmaintenanc/integratedsystems.globalmaintenance.co.id/index.php(45): CodeIgniter\CodeIgniter->run()
#9 {main}
CRITICAL - 2024-02-06 11:30:27 --> Trying to access array offset on value of type null
#0 /home/globalmaintenanc/integratedsystems.globalmaintenance.co.id/app/Controllers/Erp/Tasks.php(1227): CodeIgniter\Debug\Exceptions->errorHandler()
#1 /home/globalmaintenanc/integratedsystems.globalmaintenance.co.id/system/CodeIgniter.php(928): App\Controllers\Erp\Tasks->client_task_status_chart()
#2 /home/globalmaintenanc/integratedsystems.globalmaintenance.co.id/system/CodeIgniter.php(436): CodeIgniter\CodeIgniter->runController()
#3 /home/globalmaintenanc/integratedsystems.globalmaintenance.co.id/system/CodeIgniter.php(336): CodeIgniter\CodeIgniter->handleRequest()
#4 /home/globalmaintenanc/integratedsystems.globalmaintenance.co.id/index.php(45): CodeIgniter\CodeIgniter->run()
#5 {main}
CRITICAL - 2024-02-06 11:33:34 --> Trying to access array offset on value of type null
#0 /home/globalmaintenanc/integratedsystems.globalmaintenance.co.id/app/Views/erp/employees/staff_details.php(107): CodeIgniter\Debug\Exceptions->errorHandler()
#1 /home/globalmaintenanc/integratedsystems.globalmaintenance.co.id/system/View/View.php(230): include('/home/globalmai...')
#2 /home/globalmaintenanc/integratedsystems.globalmaintenance.co.id/system/View/View.php(232): CodeIgniter\View\View->CodeIgniter\View\{closure}()
#3 /home/globalmaintenanc/integratedsystems.globalmaintenance.co.id/system/Common.php(1271): CodeIgniter\View\View->render()
#4 /home/globalmaintenanc/integratedsystems.globalmaintenance.co.id/app/Controllers/Erp/Employees.php(165): view()
#5 /home/globalmaintenanc/integratedsystems.globalmaintenance.co.id/system/CodeIgniter.php(928): App\Controllers\Erp\Employees->staff_details()
#6 /home/globalmaintenanc/integratedsystems.globalmaintenance.co.id/system/CodeIgniter.php(436): CodeIgniter\CodeIgniter->runController()
#7 /home/globalmaintenanc/integratedsystems.globalmaintenance.co.id/system/CodeIgniter.php(336): CodeIgniter\CodeIgniter->handleRequest()
#8 /home/globalmaintenanc/integratedsystems.globalmaintenance.co.id/index.php(45): CodeIgniter\CodeIgniter->run()
#9 {main}
CRITICAL - 2024-02-06 11:33:40 --> Trying to access array offset on value of type null
#0 /home/globalmaintenanc/integratedsystems.globalmaintenance.co.id/app/Views/erp/employees/staff_details.php(107): CodeIgniter\Debug\Exceptions->errorHandler()
#1 /home/globalmaintenanc/integratedsystems.globalmaintenance.co.id/system/View/View.php(230): include('/home/globalmai...')
#2 /home/globalmaintenanc/integratedsystems.globalmaintenance.co.id/system/View/View.php(232): CodeIgniter\View\View->CodeIgniter\View\{closure}()
#3 /home/globalmaintenanc/integratedsystems.globalmaintenance.co.id/system/Common.php(1271): CodeIgniter\View\View->render()
#4 /home/globalmaintenanc/integratedsystems.globalmaintenance.co.id/app/Controllers/Erp/Employees.php(165): view()
#5 /home/globalmaintenanc/integratedsystems.globalmaintenance.co.id/system/CodeIgniter.php(928): App\Controllers\Erp\Employees->staff_details()
#6 /home/globalmaintenanc/integratedsystems.globalmaintenance.co.id/system/CodeIgniter.php(436): CodeIgniter\CodeIgniter->runController()
#7 /home/globalmaintenanc/integratedsystems.globalmaintenance.co.id/system/CodeIgniter.php(336): CodeIgniter\CodeIgniter->handleRequest()
#8 /home/globalmaintenanc/integratedsystems.globalmaintenance.co.id/index.php(45): CodeIgniter\CodeIgniter->run()
#9 {main}
CRITICAL - 2024-02-06 11:33:50 --> Trying to access array offset on value of type null
#0 /home/globalmaintenanc/integratedsystems.globalmaintenance.co.id/app/Views/erp/employees/staff_details.php(107): CodeIgniter\Debug\Exceptions->errorHandler()
#1 /home/globalmaintenanc/integratedsystems.globalmaintenance.co.id/system/View/View.php(230): include('/home/globalmai...')
#2 /home/globalmaintenanc/integratedsystems.globalmaintenance.co.id/system/View/View.php(232): CodeIgniter\View\View->CodeIgniter\View\{closure}()
#3 /home/globalmaintenanc/integratedsystems.globalmaintenance.co.id/system/Common.php(1271): CodeIgniter\View\View->render()
#4 /home/globalmaintenanc/integratedsystems.globalmaintenance.co.id/app/Controllers/Erp/Employees.php(165): view()
#5 /home/globalmaintenanc/integratedsystems.globalmaintenance.co.id/system/CodeIgniter.php(928): App\Controllers\Erp\Employees->staff_details()
#6 /home/globalmaintenanc/integratedsystems.globalmaintenance.co.id/system/CodeIgniter.php(436): CodeIgniter\CodeIgniter->runController()
#7 /home/globalmaintenanc/integratedsystems.globalmaintenance.co.id/system/CodeIgniter.php(336): CodeIgniter\CodeIgniter->handleRequest()
#8 /home/globalmaintenanc/integratedsystems.globalmaintenance.co.id/index.php(45): CodeIgniter\CodeIgniter->run()
#9 {main}
CRITICAL - 2024-02-06 11:44:24 --> Trying to access array offset on value of type null
#0 /home/globalmaintenanc/integratedsystems.globalmaintenance.co.id/app/Controllers/Erp/Tasks.php(1227): CodeIgniter\Debug\Exceptions->errorHandler()
#1 /home/globalmaintenanc/integratedsystems.globalmaintenance.co.id/system/CodeIgniter.php(928): App\Controllers\Erp\Tasks->client_task_status_chart()
#2 /home/globalmaintenanc/integratedsystems.globalmaintenance.co.id/system/CodeIgniter.php(436): CodeIgniter\CodeIgniter->runController()
#3 /home/globalmaintenanc/integratedsystems.globalmaintenance.co.id/system/CodeIgniter.php(336): CodeIgniter\CodeIgniter->handleRequest()
#4 /home/globalmaintenanc/integratedsystems.globalmaintenance.co.id/index.php(45): CodeIgniter\CodeIgniter->run()
#5 {main}
CRITICAL - 2024-02-06 13:38:14 --> Trying to access array offset on value of type null
#0 /home/globalmaintenanc/integratedsystems.globalmaintenance.co.id/app/Controllers/Erp/Tasks.php(1227): CodeIgniter\Debug\Exceptions->errorHandler()
#1 /home/globalmaintenanc/integratedsystems.globalmaintenance.co.id/system/CodeIgniter.php(928): App\Controllers\Erp\Tasks->client_task_status_chart()
#2 /home/globalmaintenanc/integratedsystems.globalmaintenance.co.id/system/CodeIgniter.php(436): CodeIgniter\CodeIgniter->runController()
#3 /home/globalmaintenanc/integratedsystems.globalmaintenance.co.id/system/CodeIgniter.php(336): CodeIgniter\CodeIgniter->handleRequest()
#4 /home/globalmaintenanc/integratedsystems.globalmaintenance.co.id/index.php(45): CodeIgniter\CodeIgniter->run()
#5 {main}
CRITICAL - 2024-02-06 13:38:39 --> Trying to access array offset on value of type null
#0 /home/globalmaintenanc/integratedsystems.globalmaintenance.co.id/app/Controllers/Erp/Tasks.php(1227): CodeIgniter\Debug\Exceptions->errorHandler()
#1 /home/globalmaintenanc/integratedsystems.globalmaintenance.co.id/system/CodeIgniter.php(928): App\Controllers\Erp\Tasks->client_task_status_chart()
#2 /home/globalmaintenanc/integratedsystems.globalmaintenance.co.id/system/CodeIgniter.php(436): CodeIgniter\CodeIgniter->runController()
#3 /home/globalmaintenanc/integratedsystems.globalmaintenance.co.id/system/CodeIgniter.php(336): CodeIgniter\CodeIgniter->handleRequest()
#4 /home/globalmaintenanc/integratedsystems.globalmaintenance.co.id/index.php(45): CodeIgniter\CodeIgniter->run()
#5 {main}
CRITICAL - 2024-02-06 13:42:24 --> mkdir(): File exists
#0 [internal function]: CodeIgniter\Debug\Exceptions->errorHandler()
#1 /home/globalmaintenanc/integratedsystems.globalmaintenance.co.id/app/Controllers/Erp/Languages.php(183): mkdir()
#2 /home/globalmaintenanc/integratedsystems.globalmaintenance.co.id/system/CodeIgniter.php(928): App\Controllers\Erp\Languages->add_language()
#3 /home/globalmaintenanc/integratedsystems.globalmaintenance.co.id/system/CodeIgniter.php(436): CodeIgniter\CodeIgniter->runController()
#4 /home/globalmaintenanc/integratedsystems.globalmaintenance.co.id/system/CodeIgniter.php(336): CodeIgniter\CodeIgniter->handleRequest()
#5 /home/globalmaintenanc/integratedsystems.globalmaintenance.co.id/index.php(45): CodeIgniter\CodeIgniter->run()
#6 {main}
CRITICAL - 2024-02-06 13:43:11 --> copy(app/Language/ID/Invoices.php): Failed to open stream: No such file or directory
#0 [internal function]: CodeIgniter\Debug\Exceptions->errorHandler()
#1 /home/globalmaintenanc/integratedsystems.globalmaintenance.co.id/app/Controllers/Erp/Languages.php(308): copy()
#2 /home/globalmaintenanc/integratedsystems.globalmaintenance.co.id/system/CodeIgniter.php(928): App\Controllers\Erp\Languages->add_language()
#3 /home/globalmaintenanc/integratedsystems.globalmaintenance.co.id/system/CodeIgniter.php(436): CodeIgniter\CodeIgniter->runController()
#4 /home/globalmaintenanc/integratedsystems.globalmaintenance.co.id/system/CodeIgniter.php(336): CodeIgniter\CodeIgniter->handleRequest()
#5 /home/globalmaintenanc/integratedsystems.globalmaintenance.co.id/index.php(45): CodeIgniter\CodeIgniter->run()
#6 {main}
CRITICAL - 2024-02-06 13:43:48 --> Trying to access array offset on value of type null
#0 /home/globalmaintenanc/integratedsystems.globalmaintenance.co.id/app/Controllers/Erp/Tasks.php(1227): CodeIgniter\Debug\Exceptions->errorHandler()
#1 /home/globalmaintenanc/integratedsystems.globalmaintenance.co.id/system/CodeIgniter.php(928): App\Controllers\Erp\Tasks->client_task_status_chart()
#2 /home/globalmaintenanc/integratedsystems.globalmaintenance.co.id/system/CodeIgniter.php(436): CodeIgniter\CodeIgniter->runController()
#3 /home/globalmaintenanc/integratedsystems.globalmaintenance.co.id/system/CodeIgniter.php(336): CodeIgniter\CodeIgniter->handleRequest()
#4 /home/globalmaintenanc/integratedsystems.globalmaintenance.co.id/index.php(45): CodeIgniter\CodeIgniter->run()
#5 {main}
CRITICAL - 2024-02-06 13:43:49 --> Trying to access array offset on value of type null
#0 /home/globalmaintenanc/integratedsystems.globalmaintenance.co.id/app/Controllers/Erp/Tasks.php(1227): CodeIgniter\Debug\Exceptions->errorHandler()
#1 /home/globalmaintenanc/integratedsystems.globalmaintenance.co.id/system/CodeIgniter.php(928): App\Controllers\Erp\Tasks->client_task_status_chart()
#2 /home/globalmaintenanc/integratedsystems.globalmaintenance.co.id/system/CodeIgniter.php(436): CodeIgniter\CodeIgniter->runController()
#3 /home/globalmaintenanc/integratedsystems.globalmaintenance.co.id/system/CodeIgniter.php(336): CodeIgniter\CodeIgniter->handleRequest()
#4 /home/globalmaintenanc/integratedsystems.globalmaintenance.co.id/index.php(45): CodeIgniter\CodeIgniter->run()
#5 {main}
CRITICAL - 2024-02-06 13:44:59 --> Trying to access array offset on value of type null
#0 /home/globalmaintenanc/integratedsystems.globalmaintenance.co.id/app/Controllers/Erp/Tasks.php(1227): CodeIgniter\Debug\Exceptions->errorHandler()
#1 /home/globalmaintenanc/integratedsystems.globalmaintenance.co.id/system/CodeIgniter.php(928): App\Controllers\Erp\Tasks->client_task_status_chart()
#2 /home/globalmaintenanc/integratedsystems.globalmaintenance.co.id/system/CodeIgniter.php(436): CodeIgniter\CodeIgniter->runController()
#3 /home/globalmaintenanc/integratedsystems.globalmaintenance.co.id/system/CodeIgniter.php(336): CodeIgniter\CodeIgniter->handleRequest()
#4 /home/globalmaintenanc/integratedsystems.globalmaintenance.co.id/index.php(45): CodeIgniter\CodeIgniter->run()
#5 {main}
CRITICAL - 2024-02-06 13:45:02 --> Trying to access array offset on value of type null
#0 /home/globalmaintenanc/integratedsystems.globalmaintenance.co.id/app/Controllers/Erp/Tasks.php(1227): CodeIgniter\Debug\Exceptions->errorHandler()
#1 /home/globalmaintenanc/integratedsystems.globalmaintenance.co.id/system/CodeIgniter.php(928): App\Controllers\Erp\Tasks->client_task_status_chart()
#2 /home/globalmaintenanc/integratedsystems.globalmaintenance.co.id/system/CodeIgniter.php(436): CodeIgniter\CodeIgniter->runController()
#3 /home/globalmaintenanc/integratedsystems.globalmaintenance.co.id/system/CodeIgniter.php(336): CodeIgniter\CodeIgniter->handleRequest()
#4 /home/globalmaintenanc/integratedsystems.globalmaintenance.co.id/index.php(45): CodeIgniter\CodeIgniter->run()
#5 {main}
CRITICAL - 2024-02-06 13:49:25 --> Trying to access array offset on value of type null
#0 /home/globalmaintenanc/integratedsystems.globalmaintenance.co.id/app/Controllers/Erp/Tasks.php(1227): CodeIgniter\Debug\Exceptions->errorHandler()
#1 /home/globalmaintenanc/integratedsystems.globalmaintenance.co.id/system/CodeIgniter.php(928): App\Controllers\Erp\Tasks->client_task_status_chart()
#2 /home/globalmaintenanc/integratedsystems.globalmaintenance.co.id/system/CodeIgniter.php(436): CodeIgniter\CodeIgniter->runController()
#3 /home/globalmaintenanc/integratedsystems.globalmaintenance.co.id/system/CodeIgniter.php(336): CodeIgniter\CodeIgniter->handleRequest()
#4 /home/globalmaintenanc/integratedsystems.globalmaintenance.co.id/index.php(45): CodeIgniter\CodeIgniter->run()
#5 {main}
CRITICAL - 2024-02-06 13:49:34 --> Trying to access array offset on value of type null
#0 /home/globalmaintenanc/integratedsystems.globalmaintenance.co.id/app/Controllers/Erp/Tasks.php(1227): CodeIgniter\Debug\Exceptions->errorHandler()
#1 /home/globalmaintenanc/integratedsystems.globalmaintenance.co.id/system/CodeIgniter.php(928): App\Controllers\Erp\Tasks->client_task_status_chart()
#2 /home/globalmaintenanc/integratedsystems.globalmaintenance.co.id/system/CodeIgniter.php(436): CodeIgniter\CodeIgniter->runController()
#3 /home/globalmaintenanc/integratedsystems.globalmaintenance.co.id/system/CodeIgniter.php(336): CodeIgniter\CodeIgniter->handleRequest()
#4 /home/globalmaintenanc/integratedsystems.globalmaintenance.co.id/index.php(45): CodeIgniter\CodeIgniter->run()
#5 {main}
CRITICAL - 2024-02-06 13:49:34 --> Trying to access array offset on value of type null
#0 /home/globalmaintenanc/integratedsystems.globalmaintenance.co.id/app/Controllers/Erp/Tasks.php(1227): CodeIgniter\Debug\Exceptions->errorHandler()
#1 /home/globalmaintenanc/integratedsystems.globalmaintenance.co.id/system/CodeIgniter.php(928): App\Controllers\Erp\Tasks->client_task_status_chart()
#2 /home/globalmaintenanc/integratedsystems.globalmaintenance.co.id/system/CodeIgniter.php(436): CodeIgniter\CodeIgniter->runController()
#3 /home/globalmaintenanc/integratedsystems.globalmaintenance.co.id/system/CodeIgniter.php(336): CodeIgniter\CodeIgniter->handleRequest()
#4 /home/globalmaintenanc/integratedsystems.globalmaintenance.co.id/index.php(45): CodeIgniter\CodeIgniter->run()
#5 {main}
CRITICAL - 2024-02-06 13:49:54 --> Trying to access array offset on value of type null
#0 /home/globalmaintenanc/integratedsystems.globalmaintenance.co.id/app/Controllers/Erp/Tasks.php(1227): CodeIgniter\Debug\Exceptions->errorHandler()
#1 /home/globalmaintenanc/integratedsystems.globalmaintenance.co.id/system/CodeIgniter.php(928): App\Controllers\Erp\Tasks->client_task_status_chart()
#2 /home/globalmaintenanc/integratedsystems.globalmaintenance.co.id/system/CodeIgniter.php(436): CodeIgniter\CodeIgniter->runController()
#3 /home/globalmaintenanc/integratedsystems.globalmaintenance.co.id/system/CodeIgniter.php(336): CodeIgniter\CodeIgniter->handleRequest()
#4 /home/globalmaintenanc/integratedsystems.globalmaintenance.co.id/index.php(45): CodeIgniter\CodeIgniter->run()
#5 {main}
CRITICAL - 2024-02-06 13:50:58 --> Trying to access array offset on value of type null
#0 /home/globalmaintenanc/integratedsystems.globalmaintenance.co.id/app/Controllers/Erp/Tasks.php(1227): CodeIgniter\Debug\Exceptions->errorHandler()
#1 /home/globalmaintenanc/integratedsystems.globalmaintenance.co.id/system/CodeIgniter.php(928): App\Controllers\Erp\Tasks->client_task_status_chart()
#2 /home/globalmaintenanc/integratedsystems.globalmaintenance.co.id/system/CodeIgniter.php(436): CodeIgniter\CodeIgniter->runController()
#3 /home/globalmaintenanc/integratedsystems.globalmaintenance.co.id/system/CodeIgniter.php(336): CodeIgniter\CodeIgniter->handleRequest()
#4 /home/globalmaintenanc/integratedsystems.globalmaintenance.co.id/index.php(45): CodeIgniter\CodeIgniter->run()
#5 {main}
CRITICAL - 2024-02-06 13:51:06 --> Trying to access array offset on value of type null
#0 /home/globalmaintenanc/integratedsystems.globalmaintenance.co.id/app/Controllers/Erp/Tasks.php(1227): CodeIgniter\Debug\Exceptions->errorHandler()
#1 /home/globalmaintenanc/integratedsystems.globalmaintenance.co.id/system/CodeIgniter.php(928): App\Controllers\Erp\Tasks->client_task_status_chart()
#2 /home/globalmaintenanc/integratedsystems.globalmaintenance.co.id/system/CodeIgniter.php(436): CodeIgniter\CodeIgniter->runController()
#3 /home/globalmaintenanc/integratedsystems.globalmaintenance.co.id/system/CodeIgniter.php(336): CodeIgniter\CodeIgniter->handleRequest()
#4 /home/globalmaintenanc/integratedsystems.globalmaintenance.co.id/index.php(45): CodeIgniter\CodeIgniter->run()
#5 {main}
CRITICAL - 2024-02-06 13:51:24 --> Trying to access array offset on value of type null
#0 /home/globalmaintenanc/integratedsystems.globalmaintenance.co.id/app/Controllers/Erp/Tasks.php(1227): CodeIgniter\Debug\Exceptions->errorHandler()
#1 /home/globalmaintenanc/integratedsystems.globalmaintenance.co.id/system/CodeIgniter.php(928): App\Controllers\Erp\Tasks->client_task_status_chart()
#2 /home/globalmaintenanc/integratedsystems.globalmaintenance.co.id/system/CodeIgniter.php(436): CodeIgniter\CodeIgniter->runController()
#3 /home/globalmaintenanc/integratedsystems.globalmaintenance.co.id/system/CodeIgniter.php(336): CodeIgniter\CodeIgniter->handleRequest()
#4 /home/globalmaintenanc/integratedsystems.globalmaintenance.co.id/index.php(45): CodeIgniter\CodeIgniter->run()
#5 {main}
CRITICAL - 2024-02-06 13:53:30 --> Trying to access array offset on value of type null
#0 /home/globalmaintenanc/integratedsystems.globalmaintenance.co.id/app/Controllers/Erp/Tasks.php(1227): CodeIgniter\Debug\Exceptions->errorHandler()
#1 /home/globalmaintenanc/integratedsystems.globalmaintenance.co.id/system/CodeIgniter.php(928): App\Controllers\Erp\Tasks->client_task_status_chart()
#2 /home/globalmaintenanc/integratedsystems.globalmaintenance.co.id/system/CodeIgniter.php(436): CodeIgniter\CodeIgniter->runController()
#3 /home/globalmaintenanc/integratedsystems.globalmaintenance.co.id/system/CodeIgniter.php(336): CodeIgniter\CodeIgniter->handleRequest()
#4 /home/globalmaintenanc/integratedsystems.globalmaintenance.co.id/index.php(45): CodeIgniter\CodeIgniter->run()
#5 {main}
CRITICAL - 2024-02-06 00:53:31 --> The action you requested is not allowed.
#0 /home/globalmaintenanc/integratedsystems.globalmaintenance.co.id/system/Security/Security.php(240): CodeIgniter\Security\Exceptions\SecurityException::forDisallowedAction()
#1 /home/globalmaintenanc/integratedsystems.globalmaintenance.co.id/system/Filters/CSRF.php(57): CodeIgniter\Security\Security->verify()
#2 /home/globalmaintenanc/integratedsystems.globalmaintenance.co.id/system/Filters/Filters.php(181): CodeIgniter\Filters\CSRF->before()
#3 /home/globalmaintenanc/integratedsystems.globalmaintenance.co.id/system/CodeIgniter.php(407): CodeIgniter\Filters\Filters->run()
#4 /home/globalmaintenanc/integratedsystems.globalmaintenance.co.id/system/CodeIgniter.php(336): CodeIgniter\CodeIgniter->handleRequest()
#5 /home/globalmaintenanc/integratedsystems.globalmaintenance.co.id/index.php(45): CodeIgniter\CodeIgniter->run()
#6 {main}
CRITICAL - 2024-02-06 00:53:34 --> The action you requested is not allowed.
#0 /home/globalmaintenanc/integratedsystems.globalmaintenance.co.id/system/Security/Security.php(240): CodeIgniter\Security\Exceptions\SecurityException::forDisallowedAction()
#1 /home/globalmaintenanc/integratedsystems.globalmaintenance.co.id/system/Filters/CSRF.php(57): CodeIgniter\Security\Security->verify()
#2 /home/globalmaintenanc/integratedsystems.globalmaintenance.co.id/system/Filters/Filters.php(181): CodeIgniter\Filters\CSRF->before()
#3 /home/globalmaintenanc/integratedsystems.globalmaintenance.co.id/system/CodeIgniter.php(407): CodeIgniter\Filters\Filters->run()
#4 /home/globalmaintenanc/integratedsystems.globalmaintenance.co.id/system/CodeIgniter.php(336): CodeIgniter\CodeIgniter->handleRequest()
#5 /home/globalmaintenanc/integratedsystems.globalmaintenance.co.id/index.php(45): CodeIgniter\CodeIgniter->run()
#6 {main}
CRITICAL - 2024-02-06 13:53:34 --> Trying to access array offset on value of type null
#0 /home/globalmaintenanc/integratedsystems.globalmaintenance.co.id/app/Controllers/Erp/Tasks.php(1227): CodeIgniter\Debug\Exceptions->errorHandler()
#1 /home/globalmaintenanc/integratedsystems.globalmaintenance.co.id/system/CodeIgniter.php(928): App\Controllers\Erp\Tasks->client_task_status_chart()
#2 /home/globalmaintenanc/integratedsystems.globalmaintenance.co.id/system/CodeIgniter.php(436): CodeIgniter\CodeIgniter->runController()
#3 /home/globalmaintenanc/integratedsystems.globalmaintenance.co.id/system/CodeIgniter.php(336): CodeIgniter\CodeIgniter->handleRequest()
#4 /home/globalmaintenanc/integratedsystems.globalmaintenance.co.id/index.php(45): CodeIgniter\CodeIgniter->run()
#5 {main}
CRITICAL - 2024-02-06 00:53:43 --> The action you requested is not allowed.
#0 /home/globalmaintenanc/integratedsystems.globalmaintenance.co.id/system/Security/Security.php(240): CodeIgniter\Security\Exceptions\SecurityException::forDisallowedAction()
#1 /home/globalmaintenanc/integratedsystems.globalmaintenance.co.id/system/Filters/CSRF.php(57): CodeIgniter\Security\Security->verify()
#2 /home/globalmaintenanc/integratedsystems.globalmaintenance.co.id/system/Filters/Filters.php(181): CodeIgniter\Filters\CSRF->before()
#3 /home/globalmaintenanc/integratedsystems.globalmaintenance.co.id/system/CodeIgniter.php(407): CodeIgniter\Filters\Filters->run()
#4 /home/globalmaintenanc/integratedsystems.globalmaintenance.co.id/system/CodeIgniter.php(336): CodeIgniter\CodeIgniter->handleRequest()
#5 /home/globalmaintenanc/integratedsystems.globalmaintenance.co.id/index.php(45): CodeIgniter\CodeIgniter->run()
#6 {main}
CRITICAL - 2024-02-06 14:02:15 --> Trying to access array offset on value of type null
#0 /home/globalmaintenanc/integratedsystems.globalmaintenance.co.id/app/Controllers/Erp/Tasks.php(1227): CodeIgniter\Debug\Exceptions->errorHandler()
#1 /home/globalmaintenanc/integratedsystems.globalmaintenance.co.id/system/CodeIgniter.php(928): App\Controllers\Erp\Tasks->client_task_status_chart()
#2 /home/globalmaintenanc/integratedsystems.globalmaintenance.co.id/system/CodeIgniter.php(436): CodeIgniter\CodeIgniter->runController()
#3 /home/globalmaintenanc/integratedsystems.globalmaintenance.co.id/system/CodeIgniter.php(336): CodeIgniter\CodeIgniter->handleRequest()
#4 /home/globalmaintenanc/integratedsystems.globalmaintenance.co.id/index.php(45): CodeIgniter\CodeIgniter->run()
#5 {main}
CRITICAL - 2024-02-06 14:02:30 --> Trying to access array offset on value of type null
#0 /home/globalmaintenanc/integratedsystems.globalmaintenance.co.id/app/Controllers/Erp/Tasks.php(1227): CodeIgniter\Debug\Exceptions->errorHandler()
#1 /home/globalmaintenanc/integratedsystems.globalmaintenance.co.id/system/CodeIgniter.php(928): App\Controllers\Erp\Tasks->client_task_status_chart()
#2 /home/globalmaintenanc/integratedsystems.globalmaintenance.co.id/system/CodeIgniter.php(436): CodeIgniter\CodeIgniter->runController()
#3 /home/globalmaintenanc/integratedsystems.globalmaintenance.co.id/system/CodeIgniter.php(336): CodeIgniter\CodeIgniter->handleRequest()
#4 /home/globalmaintenanc/integratedsystems.globalmaintenance.co.id/index.php(45): CodeIgniter\CodeIgniter->run()
#5 {main}
CRITICAL - 2024-02-06 14:07:53 --> Trying to access array offset on value of type null
#0 /home/globalmaintenanc/integratedsystems.globalmaintenance.co.id/app/Controllers/Erp/Tasks.php(1227): CodeIgniter\Debug\Exceptions->errorHandler()
#1 /home/globalmaintenanc/integratedsystems.globalmaintenance.co.id/system/CodeIgniter.php(928): App\Controllers\Erp\Tasks->client_task_status_chart()
#2 /home/globalmaintenanc/integratedsystems.globalmaintenance.co.id/system/CodeIgniter.php(436): CodeIgniter\CodeIgniter->runController()
#3 /home/globalmaintenanc/integratedsystems.globalmaintenance.co.id/system/CodeIgniter.php(336): CodeIgniter\CodeIgniter->handleRequest()
#4 /home/globalmaintenanc/integratedsystems.globalmaintenance.co.id/index.php(45): CodeIgniter\CodeIgniter->run()
#5 {main}
CRITICAL - 2024-02-06 14:08:25 --> Trying to access array offset on value of type null
#0 /home/globalmaintenanc/integratedsystems.globalmaintenance.co.id/app/Controllers/Erp/Tasks.php(1227): CodeIgniter\Debug\Exceptions->errorHandler()
#1 /home/globalmaintenanc/integratedsystems.globalmaintenance.co.id/system/CodeIgniter.php(928): App\Controllers\Erp\Tasks->client_task_status_chart()
#2 /home/globalmaintenanc/integratedsystems.globalmaintenance.co.id/system/CodeIgniter.php(436): CodeIgniter\CodeIgniter->runController()
#3 /home/globalmaintenanc/integratedsystems.globalmaintenance.co.id/system/CodeIgniter.php(336): CodeIgniter\CodeIgniter->handleRequest()
#4 /home/globalmaintenanc/integratedsystems.globalmaintenance.co.id/index.php(45): CodeIgniter\CodeIgniter->run()
#5 {main}
CRITICAL - 2024-02-06 14:09:18 --> Trying to access array offset on value of type null
#0 /home/globalmaintenanc/integratedsystems.globalmaintenance.co.id/app/Controllers/Erp/Tasks.php(1227): CodeIgniter\Debug\Exceptions->errorHandler()
#1 /home/globalmaintenanc/integratedsystems.globalmaintenance.co.id/system/CodeIgniter.php(928): App\Controllers\Erp\Tasks->client_task_status_chart()
#2 /home/globalmaintenanc/integratedsystems.globalmaintenance.co.id/system/CodeIgniter.php(436): CodeIgniter\CodeIgniter->runController()
#3 /home/globalmaintenanc/integratedsystems.globalmaintenance.co.id/system/CodeIgniter.php(336): CodeIgniter\CodeIgniter->handleRequest()
#4 /home/globalmaintenanc/integratedsystems.globalmaintenance.co.id/index.php(45): CodeIgniter\CodeIgniter->run()
#5 {main}
CRITICAL - 2024-02-06 14:25:45 --> Trying to access array offset on value of type null
#0 /home/globalmaintenanc/integratedsystems.globalmaintenance.co.id/app/Controllers/Erp/Tasks.php(1227): CodeIgniter\Debug\Exceptions->errorHandler()
#1 /home/globalmaintenanc/integratedsystems.globalmaintenance.co.id/system/CodeIgniter.php(928): App\Controllers\Erp\Tasks->client_task_status_chart()
#2 /home/globalmaintenanc/integratedsystems.globalmaintenance.co.id/system/CodeIgniter.php(436): CodeIgniter\CodeIgniter->runController()
#3 /home/globalmaintenanc/integratedsystems.globalmaintenance.co.id/system/CodeIgniter.php(336): CodeIgniter\CodeIgniter->handleRequest()
#4 /home/globalmaintenanc/integratedsystems.globalmaintenance.co.id/index.php(45): CodeIgniter\CodeIgniter->run()
#5 {main}
CRITICAL - 2024-02-06 14:25:56 --> Trying to access array offset on value of type null
#0 /home/globalmaintenanc/integratedsystems.globalmaintenance.co.id/app/Controllers/Erp/Tasks.php(1227): CodeIgniter\Debug\Exceptions->errorHandler()
#1 /home/globalmaintenanc/integratedsystems.globalmaintenance.co.id/system/CodeIgniter.php(928): App\Controllers\Erp\Tasks->client_task_status_chart()
#2 /home/globalmaintenanc/integratedsystems.globalmaintenance.co.id/system/CodeIgniter.php(436): CodeIgniter\CodeIgniter->runController()
#3 /home/globalmaintenanc/integratedsystems.globalmaintenance.co.id/system/CodeIgniter.php(336): CodeIgniter\CodeIgniter->handleRequest()
#4 /home/globalmaintenanc/integratedsystems.globalmaintenance.co.id/index.php(45): CodeIgniter\CodeIgniter->run()
#5 {main}
CRITICAL - 2024-02-06 14:36:18 --> Trying to access array offset on value of type null
#0 /home/globalmaintenanc/integratedsystems.globalmaintenance.co.id/app/Views/erp/employees/staff_details.php(107): CodeIgniter\Debug\Exceptions->errorHandler()
#1 /home/globalmaintenanc/integratedsystems.globalmaintenance.co.id/system/View/View.php(230): include('/home/globalmai...')
#2 /home/globalmaintenanc/integratedsystems.globalmaintenance.co.id/system/View/View.php(232): CodeIgniter\View\View->CodeIgniter\View\{closure}()
#3 /home/globalmaintenanc/integratedsystems.globalmaintenance.co.id/system/Common.php(1271): CodeIgniter\View\View->render()
#4 /home/globalmaintenanc/integratedsystems.globalmaintenance.co.id/app/Controllers/Erp/Employees.php(165): view()
#5 /home/globalmaintenanc/integratedsystems.globalmaintenance.co.id/system/CodeIgniter.php(928): App\Controllers\Erp\Employees->staff_details()
#6 /home/globalmaintenanc/integratedsystems.globalmaintenance.co.id/system/CodeIgniter.php(436): CodeIgniter\CodeIgniter->runController()
#7 /home/globalmaintenanc/integratedsystems.globalmaintenance.co.id/system/CodeIgniter.php(336): CodeIgniter\CodeIgniter->handleRequest()
#8 /home/globalmaintenanc/integratedsystems.globalmaintenance.co.id/index.php(45): CodeIgniter\CodeIgniter->run()
#9 {main}
CRITICAL - 2024-02-06 14:36:21 --> Trying to access array offset on value of type null
#0 /home/globalmaintenanc/integratedsystems.globalmaintenance.co.id/app/Views/erp/employees/staff_details.php(107): CodeIgniter\Debug\Exceptions->errorHandler()
#1 /home/globalmaintenanc/integratedsystems.globalmaintenance.co.id/system/View/View.php(230): include('/home/globalmai...')
#2 /home/globalmaintenanc/integratedsystems.globalmaintenance.co.id/system/View/View.php(232): CodeIgniter\View\View->CodeIgniter\View\{closure}()
#3 /home/globalmaintenanc/integratedsystems.globalmaintenance.co.id/system/Common.php(1271): CodeIgniter\View\View->render()
#4 /home/globalmaintenanc/integratedsystems.globalmaintenance.co.id/app/Controllers/Erp/Employees.php(165): view()
#5 /home/globalmaintenanc/integratedsystems.globalmaintenance.co.id/system/CodeIgniter.php(928): App\Controllers\Erp\Employees->staff_details()
#6 /home/globalmaintenanc/integratedsystems.globalmaintenance.co.id/system/CodeIgniter.php(436): CodeIgniter\CodeIgniter->runController()
#7 /home/globalmaintenanc/integratedsystems.globalmaintenance.co.id/system/CodeIgniter.php(336): CodeIgniter\CodeIgniter->handleRequest()
#8 /home/globalmaintenanc/integratedsystems.globalmaintenance.co.id/index.php(45): CodeIgniter\CodeIgniter->run()
#9 {main}
CRITICAL - 2024-02-06 14:36:22 --> Trying to access array offset on value of type null
#0 /home/globalmaintenanc/integratedsystems.globalmaintenance.co.id/app/Views/erp/employees/staff_details.php(107): CodeIgniter\Debug\Exceptions->errorHandler()
#1 /home/globalmaintenanc/integratedsystems.globalmaintenance.co.id/system/View/View.php(230): include('/home/globalmai...')
#2 /home/globalmaintenanc/integratedsystems.globalmaintenance.co.id/system/View/View.php(232): CodeIgniter\View\View->CodeIgniter\View\{closure}()
#3 /home/globalmaintenanc/integratedsystems.globalmaintenance.co.id/system/Common.php(1271): CodeIgniter\View\View->render()
#4 /home/globalmaintenanc/integratedsystems.globalmaintenance.co.id/app/Controllers/Erp/Employees.php(165): view()
#5 /home/globalmaintenanc/integratedsystems.globalmaintenance.co.id/system/CodeIgniter.php(928): App\Controllers\Erp\Employees->staff_details()
#6 /home/globalmaintenanc/integratedsystems.globalmaintenance.co.id/system/CodeIgniter.php(436): CodeIgniter\CodeIgniter->runController()
#7 /home/globalmaintenanc/integratedsystems.globalmaintenance.co.id/system/CodeIgniter.php(336): CodeIgniter\CodeIgniter->handleRequest()
#8 /home/globalmaintenanc/integratedsystems.globalmaintenance.co.id/index.php(45): CodeIgniter\CodeIgniter->run()
#9 {main}
CRITICAL - 2024-02-06 14:36:28 --> Trying to access array offset on value of type null
#0 /home/globalmaintenanc/integratedsystems.globalmaintenance.co.id/app/Views/erp/employees/staff_details.php(107): CodeIgniter\Debug\Exceptions->errorHandler()
#1 /home/globalmaintenanc/integratedsystems.globalmaintenance.co.id/system/View/View.php(230): include('/home/globalmai...')
#2 /home/globalmaintenanc/integratedsystems.globalmaintenance.co.id/system/View/View.php(232): CodeIgniter\View\View->CodeIgniter\View\{closure}()
#3 /home/globalmaintenanc/integratedsystems.globalmaintenance.co.id/system/Common.php(1271): CodeIgniter\View\View->render()
#4 /home/globalmaintenanc/integratedsystems.globalmaintenance.co.id/app/Controllers/Erp/Employees.php(165): view()
#5 /home/globalmaintenanc/integratedsystems.globalmaintenance.co.id/system/CodeIgniter.php(928): App\Controllers\Erp\Employees->staff_details()
#6 /home/globalmaintenanc/integratedsystems.globalmaintenance.co.id/system/CodeIgniter.php(436): CodeIgniter\CodeIgniter->runController()
#7 /home/globalmaintenanc/integratedsystems.globalmaintenance.co.id/system/CodeIgniter.php(336): CodeIgniter\CodeIgniter->handleRequest()
#8 /home/globalmaintenanc/integratedsystems.globalmaintenance.co.id/index.php(45): CodeIgniter\CodeIgniter->run()
#9 {main}
CRITICAL - 2024-02-06 14:36:50 --> Trying to access array offset on value of type null
#0 /home/globalmaintenanc/integratedsystems.globalmaintenance.co.id/app/Controllers/Erp/Tasks.php(1227): CodeIgniter\Debug\Exceptions->errorHandler()
#1 /home/globalmaintenanc/integratedsystems.globalmaintenance.co.id/system/CodeIgniter.php(928): App\Controllers\Erp\Tasks->client_task_status_chart()
#2 /home/globalmaintenanc/integratedsystems.globalmaintenance.co.id/system/CodeIgniter.php(436): CodeIgniter\CodeIgniter->runController()
#3 /home/globalmaintenanc/integratedsystems.globalmaintenance.co.id/system/CodeIgniter.php(336): CodeIgniter\CodeIgniter->handleRequest()
#4 /home/globalmaintenanc/integratedsystems.globalmaintenance.co.id/index.php(45): CodeIgniter\CodeIgniter->run()
#5 {main}
CRITICAL - 2024-02-06 14:36:59 --> Trying to access array offset on value of type null
#0 /home/globalmaintenanc/integratedsystems.globalmaintenance.co.id/app/Views/erp/profile/staff_profile.php(96): CodeIgniter\Debug\Exceptions->errorHandler()
#1 /home/globalmaintenanc/integratedsystems.globalmaintenance.co.id/system/View/View.php(230): include('/home/globalmai...')
#2 /home/globalmaintenanc/integratedsystems.globalmaintenance.co.id/system/View/View.php(232): CodeIgniter\View\View->CodeIgniter\View\{closure}()
#3 /home/globalmaintenanc/integratedsystems.globalmaintenance.co.id/system/Common.php(1271): CodeIgniter\View\View->render()
#4 /home/globalmaintenanc/integratedsystems.globalmaintenance.co.id/app/Views/erp/profile/my_profile.php(23): view()
#5 /home/globalmaintenanc/integratedsystems.globalmaintenance.co.id/system/View/View.php(230): include('/home/globalmai...')
#6 /home/globalmaintenanc/integratedsystems.globalmaintenance.co.id/system/View/View.php(232): CodeIgniter\View\View->CodeIgniter\View\{closure}()
#7 /home/globalmaintenanc/integratedsystems.globalmaintenance.co.id/system/Common.php(1271): CodeIgniter\View\View->render()
#8 /home/globalmaintenanc/integratedsystems.globalmaintenance.co.id/app/Controllers/Erp/Profile.php(48): view()
#9 /home/globalmaintenanc/integratedsystems.globalmaintenance.co.id/system/CodeIgniter.php(928): App\Controllers\Erp\Profile->index()
#10 /home/globalmaintenanc/integratedsystems.globalmaintenance.co.id/system/CodeIgniter.php(436): CodeIgniter\CodeIgniter->runController()
#11 /home/globalmaintenanc/integratedsystems.globalmaintenance.co.id/system/CodeIgniter.php(336): CodeIgniter\CodeIgniter->handleRequest()
#12 /home/globalmaintenanc/integratedsystems.globalmaintenance.co.id/index.php(45): CodeIgniter\CodeIgniter->run()
#13 {main}
CRITICAL - 2024-02-06 14:37:01 --> Trying to access array offset on value of type null
#0 /home/globalmaintenanc/integratedsystems.globalmaintenance.co.id/app/Views/erp/profile/staff_profile.php(96): CodeIgniter\Debug\Exceptions->errorHandler()
#1 /home/globalmaintenanc/integratedsystems.globalmaintenance.co.id/system/View/View.php(230): include('/home/globalmai...')
#2 /home/globalmaintenanc/integratedsystems.globalmaintenance.co.id/system/View/View.php(232): CodeIgniter\View\View->CodeIgniter\View\{closure}()
#3 /home/globalmaintenanc/integratedsystems.globalmaintenance.co.id/system/Common.php(1271): CodeIgniter\View\View->render()
#4 /home/globalmaintenanc/integratedsystems.globalmaintenance.co.id/app/Views/erp/profile/my_profile.php(23): view()
#5 /home/globalmaintenanc/integratedsystems.globalmaintenance.co.id/system/View/View.php(230): include('/home/globalmai...')
#6 /home/globalmaintenanc/integratedsystems.globalmaintenance.co.id/system/View/View.php(232): CodeIgniter\View\View->CodeIgniter\View\{closure}()
#7 /home/globalmaintenanc/integratedsystems.globalmaintenance.co.id/system/Common.php(1271): CodeIgniter\View\View->render()
#8 /home/globalmaintenanc/integratedsystems.globalmaintenance.co.id/app/Controllers/Erp/Profile.php(48): view()
#9 /home/globalmaintenanc/integratedsystems.globalmaintenance.co.id/system/CodeIgniter.php(928): App\Controllers\Erp\Profile->index()
#10 /home/globalmaintenanc/integratedsystems.globalmaintenance.co.id/system/CodeIgniter.php(436): CodeIgniter\CodeIgniter->runController()
#11 /home/globalmaintenanc/integratedsystems.globalmaintenance.co.id/system/CodeIgniter.php(336): CodeIgniter\CodeIgniter->handleRequest()
#12 /home/globalmaintenanc/integratedsystems.globalmaintenance.co.id/index.php(45): CodeIgniter\CodeIgniter->run()
#13 {main}
CRITICAL - 2024-02-06 14:38:25 --> Trying to access array offset on value of type null
#0 /home/globalmaintenanc/integratedsystems.globalmaintenance.co.id/app/Controllers/Erp/Tasks.php(1227): CodeIgniter\Debug\Exceptions->errorHandler()
#1 /home/globalmaintenanc/integratedsystems.globalmaintenance.co.id/system/CodeIgniter.php(928): App\Controllers\Erp\Tasks->client_task_status_chart()
#2 /home/globalmaintenanc/integratedsystems.globalmaintenance.co.id/system/CodeIgniter.php(436): CodeIgniter\CodeIgniter->runController()
#3 /home/globalmaintenanc/integratedsystems.globalmaintenance.co.id/system/CodeIgniter.php(336): CodeIgniter\CodeIgniter->handleRequest()
#4 /home/globalmaintenanc/integratedsystems.globalmaintenance.co.id/index.php(45): CodeIgniter\CodeIgniter->run()
#5 {main}
CRITICAL - 2024-02-06 14:38:50 --> Trying to access array offset on value of type null
#0 /home/globalmaintenanc/integratedsystems.globalmaintenance.co.id/app/Controllers/Erp/Tasks.php(1227): CodeIgniter\Debug\Exceptions->errorHandler()
#1 /home/globalmaintenanc/integratedsystems.globalmaintenance.co.id/system/CodeIgniter.php(928): App\Controllers\Erp\Tasks->client_task_status_chart()
#2 /home/globalmaintenanc/integratedsystems.globalmaintenance.co.id/system/CodeIgniter.php(436): CodeIgniter\CodeIgniter->runController()
#3 /home/globalmaintenanc/integratedsystems.globalmaintenance.co.id/system/CodeIgniter.php(336): CodeIgniter\CodeIgniter->handleRequest()
#4 /home/globalmaintenanc/integratedsystems.globalmaintenance.co.id/index.php(45): CodeIgniter\CodeIgniter->run()
#5 {main}
CRITICAL - 2024-02-06 14:38:57 --> Trying to access array offset on value of type null
#0 /home/globalmaintenanc/integratedsystems.globalmaintenance.co.id/app/Views/erp/employees/staff_details.php(107): CodeIgniter\Debug\Exceptions->errorHandler()
#1 /home/globalmaintenanc/integratedsystems.globalmaintenance.co.id/system/View/View.php(230): include('/home/globalmai...')
#2 /home/globalmaintenanc/integratedsystems.globalmaintenance.co.id/system/View/View.php(232): CodeIgniter\View\View->CodeIgniter\View\{closure}()
#3 /home/globalmaintenanc/integratedsystems.globalmaintenance.co.id/system/Common.php(1271): CodeIgniter\View\View->render()
#4 /home/globalmaintenanc/integratedsystems.globalmaintenance.co.id/app/Controllers/Erp/Employees.php(165): view()
#5 /home/globalmaintenanc/integratedsystems.globalmaintenance.co.id/system/CodeIgniter.php(928): App\Controllers\Erp\Employees->staff_details()
#6 /home/globalmaintenanc/integratedsystems.globalmaintenance.co.id/system/CodeIgniter.php(436): CodeIgniter\CodeIgniter->runController()
#7 /home/globalmaintenanc/integratedsystems.globalmaintenance.co.id/system/CodeIgniter.php(336): CodeIgniter\CodeIgniter->handleRequest()
#8 /home/globalmaintenanc/integratedsystems.globalmaintenance.co.id/index.php(45): CodeIgniter\CodeIgniter->run()
#9 {main}
CRITICAL - 2024-02-06 14:42:05 --> Trying to access array offset on value of type null
#0 /home/globalmaintenanc/integratedsystems.globalmaintenance.co.id/app/Views/erp/employees/staff_details.php(107): CodeIgniter\Debug\Exceptions->errorHandler()
#1 /home/globalmaintenanc/integratedsystems.globalmaintenance.co.id/system/View/View.php(230): include('/home/globalmai...')
#2 /home/globalmaintenanc/integratedsystems.globalmaintenance.co.id/system/View/View.php(232): CodeIgniter\View\View->CodeIgniter\View\{closure}()
#3 /home/globalmaintenanc/integratedsystems.globalmaintenance.co.id/system/Common.php(1271): CodeIgniter\View\View->render()
#4 /home/globalmaintenanc/integratedsystems.globalmaintenance.co.id/app/Controllers/Erp/Employees.php(165): view()
#5 /home/globalmaintenanc/integratedsystems.globalmaintenance.co.id/system/CodeIgniter.php(928): App\Controllers\Erp\Employees->staff_details()
#6 /home/globalmaintenanc/integratedsystems.globalmaintenance.co.id/system/CodeIgniter.php(436): CodeIgniter\CodeIgniter->runController()
#7 /home/globalmaintenanc/integratedsystems.globalmaintenance.co.id/system/CodeIgniter.php(336): CodeIgniter\CodeIgniter->handleRequest()
#8 /home/globalmaintenanc/integratedsystems.globalmaintenance.co.id/index.php(45): CodeIgniter\CodeIgniter->run()
#9 {main}
CRITICAL - 2024-02-06 14:42:26 --> Trying to access array offset on value of type null
#0 /home/globalmaintenanc/integratedsystems.globalmaintenance.co.id/app/Views/erp/employees/staff_details.php(107): CodeIgniter\Debug\Exceptions->errorHandler()
#1 /home/globalmaintenanc/integratedsystems.globalmaintenance.co.id/system/View/View.php(230): include('/home/globalmai...')
#2 /home/globalmaintenanc/integratedsystems.globalmaintenance.co.id/system/View/View.php(232): CodeIgniter\View\View->CodeIgniter\View\{closure}()
#3 /home/globalmaintenanc/integratedsystems.globalmaintenance.co.id/system/Common.php(1271): CodeIgniter\View\View->render()
#4 /home/globalmaintenanc/integratedsystems.globalmaintenance.co.id/app/Controllers/Erp/Employees.php(165): view()
#5 /home/globalmaintenanc/integratedsystems.globalmaintenance.co.id/system/CodeIgniter.php(928): App\Controllers\Erp\Employees->staff_details()
#6 /home/globalmaintenanc/integratedsystems.globalmaintenance.co.id/system/CodeIgniter.php(436): CodeIgniter\CodeIgniter->runController()
#7 /home/globalmaintenanc/integratedsystems.globalmaintenance.co.id/system/CodeIgniter.php(336): CodeIgniter\CodeIgniter->handleRequest()
#8 /home/globalmaintenanc/integratedsystems.globalmaintenance.co.id/index.php(45): CodeIgniter\CodeIgniter->run()
#9 {main}
CRITICAL - 2024-02-06 14:43:45 --> Trying to access array offset on value of type null
#0 /home/globalmaintenanc/integratedsystems.globalmaintenance.co.id/app/Controllers/Erp/Tasks.php(1227): CodeIgniter\Debug\Exceptions->errorHandler()
#1 /home/globalmaintenanc/integratedsystems.globalmaintenance.co.id/system/CodeIgniter.php(928): App\Controllers\Erp\Tasks->client_task_status_chart()
#2 /home/globalmaintenanc/integratedsystems.globalmaintenance.co.id/system/CodeIgniter.php(436): CodeIgniter\CodeIgniter->runController()
#3 /home/globalmaintenanc/integratedsystems.globalmaintenance.co.id/system/CodeIgniter.php(336): CodeIgniter\CodeIgniter->handleRequest()
#4 /home/globalmaintenanc/integratedsystems.globalmaintenance.co.id/index.php(45): CodeIgniter\CodeIgniter->run()
#5 {main}
CRITICAL - 2024-02-06 14:44:51 --> Trying to access array offset on value of type null
#0 /home/globalmaintenanc/integratedsystems.globalmaintenance.co.id/app/Controllers/Erp/Tasks.php(1227): CodeIgniter\Debug\Exceptions->errorHandler()
#1 /home/globalmaintenanc/integratedsystems.globalmaintenance.co.id/system/CodeIgniter.php(928): App\Controllers\Erp\Tasks->client_task_status_chart()
#2 /home/globalmaintenanc/integratedsystems.globalmaintenance.co.id/system/CodeIgniter.php(436): CodeIgniter\CodeIgniter->runController()
#3 /home/globalmaintenanc/integratedsystems.globalmaintenance.co.id/system/CodeIgniter.php(336): CodeIgniter\CodeIgniter->handleRequest()
#4 /home/globalmaintenanc/integratedsystems.globalmaintenance.co.id/index.php(45): CodeIgniter\CodeIgniter->run()
#5 {main}
CRITICAL - 2024-02-06 14:44:55 --> Trying to access array offset on value of type null
#0 /home/globalmaintenanc/integratedsystems.globalmaintenance.co.id/app/Views/erp/employees/staff_details.php(107): CodeIgniter\Debug\Exceptions->errorHandler()
#1 /home/globalmaintenanc/integratedsystems.globalmaintenance.co.id/system/View/View.php(230): include('/home/globalmai...')
#2 /home/globalmaintenanc/integratedsystems.globalmaintenance.co.id/system/View/View.php(232): CodeIgniter\View\View->CodeIgniter\View\{closure}()
#3 /home/globalmaintenanc/integratedsystems.globalmaintenance.co.id/system/Common.php(1271): CodeIgniter\View\View->render()
#4 /home/globalmaintenanc/integratedsystems.globalmaintenance.co.id/app/Controllers/Erp/Employees.php(165): view()
#5 /home/globalmaintenanc/integratedsystems.globalmaintenance.co.id/system/CodeIgniter.php(928): App\Controllers\Erp\Employees->staff_details()
#6 /home/globalmaintenanc/integratedsystems.globalmaintenance.co.id/system/CodeIgniter.php(436): CodeIgniter\CodeIgniter->runController()
#7 /home/globalmaintenanc/integratedsystems.globalmaintenance.co.id/system/CodeIgniter.php(336): CodeIgniter\CodeIgniter->handleRequest()
#8 /home/globalmaintenanc/integratedsystems.globalmaintenance.co.id/index.php(45): CodeIgniter\CodeIgniter->run()
#9 {main}
CRITICAL - 2024-02-06 14:45:18 --> Trying to access array offset on value of type null
#0 /home/globalmaintenanc/integratedsystems.globalmaintenance.co.id/app/Controllers/Erp/Tasks.php(1227): CodeIgniter\Debug\Exceptions->errorHandler()
#1 /home/globalmaintenanc/integratedsystems.globalmaintenance.co.id/system/CodeIgniter.php(928): App\Controllers\Erp\Tasks->client_task_status_chart()
#2 /home/globalmaintenanc/integratedsystems.globalmaintenance.co.id/system/CodeIgniter.php(436): CodeIgniter\CodeIgniter->runController()
#3 /home/globalmaintenanc/integratedsystems.globalmaintenance.co.id/system/CodeIgniter.php(336): CodeIgniter\CodeIgniter->handleRequest()
#4 /home/globalmaintenanc/integratedsystems.globalmaintenance.co.id/index.php(45): CodeIgniter\CodeIgniter->run()
#5 {main}
CRITICAL - 2024-02-06 14:45:32 --> Trying to access array offset on value of type null
#0 /home/globalmaintenanc/integratedsystems.globalmaintenance.co.id/app/Controllers/Erp/Tasks.php(1227): CodeIgniter\Debug\Exceptions->errorHandler()
#1 /home/globalmaintenanc/integratedsystems.globalmaintenance.co.id/system/CodeIgniter.php(928): App\Controllers\Erp\Tasks->client_task_status_chart()
#2 /home/globalmaintenanc/integratedsystems.globalmaintenance.co.id/system/CodeIgniter.php(436): CodeIgniter\CodeIgniter->runController()
#3 /home/globalmaintenanc/integratedsystems.globalmaintenance.co.id/system/CodeIgniter.php(336): CodeIgniter\CodeIgniter->handleRequest()
#4 /home/globalmaintenanc/integratedsystems.globalmaintenance.co.id/index.php(45): CodeIgniter\CodeIgniter->run()
#5 {main}
CRITICAL - 2024-02-06 14:45:53 --> Trying to access array offset on value of type null
#0 /home/globalmaintenanc/integratedsystems.globalmaintenance.co.id/app/Controllers/Erp/Tasks.php(1227): CodeIgniter\Debug\Exceptions->errorHandler()
#1 /home/globalmaintenanc/integratedsystems.globalmaintenance.co.id/system/CodeIgniter.php(928): App\Controllers\Erp\Tasks->client_task_status_chart()
#2 /home/globalmaintenanc/integratedsystems.globalmaintenance.co.id/system/CodeIgniter.php(436): CodeIgniter\CodeIgniter->runController()
#3 /home/globalmaintenanc/integratedsystems.globalmaintenance.co.id/system/CodeIgniter.php(336): CodeIgniter\CodeIgniter->handleRequest()
#4 /home/globalmaintenanc/integratedsystems.globalmaintenance.co.id/index.php(45): CodeIgniter\CodeIgniter->run()
#5 {main}
CRITICAL - 2024-02-06 14:45:54 --> Trying to access array offset on value of type null
#0 /home/globalmaintenanc/integratedsystems.globalmaintenance.co.id/app/Controllers/Erp/Tasks.php(1227): CodeIgniter\Debug\Exceptions->errorHandler()
#1 /home/globalmaintenanc/integratedsystems.globalmaintenance.co.id/system/CodeIgniter.php(928): App\Controllers\Erp\Tasks->client_task_status_chart()
#2 /home/globalmaintenanc/integratedsystems.globalmaintenance.co.id/system/CodeIgniter.php(436): CodeIgniter\CodeIgniter->runController()
#3 /home/globalmaintenanc/integratedsystems.globalmaintenance.co.id/system/CodeIgniter.php(336): CodeIgniter\CodeIgniter->handleRequest()
#4 /home/globalmaintenanc/integratedsystems.globalmaintenance.co.id/index.php(45): CodeIgniter\CodeIgniter->run()
#5 {main}
CRITICAL - 2024-02-06 14:46:01 --> Trying to access array offset on value of type null
#0 /home/globalmaintenanc/integratedsystems.globalmaintenance.co.id/app/Views/erp/employees/staff_details.php(107): CodeIgniter\Debug\Exceptions->errorHandler()
#1 /home/globalmaintenanc/integratedsystems.globalmaintenance.co.id/system/View/View.php(230): include('/home/globalmai...')
#2 /home/globalmaintenanc/integratedsystems.globalmaintenance.co.id/system/View/View.php(232): CodeIgniter\View\View->CodeIgniter\View\{closure}()
#3 /home/globalmaintenanc/integratedsystems.globalmaintenance.co.id/system/Common.php(1271): CodeIgniter\View\View->render()
#4 /home/globalmaintenanc/integratedsystems.globalmaintenance.co.id/app/Controllers/Erp/Employees.php(165): view()
#5 /home/globalmaintenanc/integratedsystems.globalmaintenance.co.id/system/CodeIgniter.php(928): App\Controllers\Erp\Employees->staff_details()
#6 /home/globalmaintenanc/integratedsystems.globalmaintenance.co.id/system/CodeIgniter.php(436): CodeIgniter\CodeIgniter->runController()
#7 /home/globalmaintenanc/integratedsystems.globalmaintenance.co.id/system/CodeIgniter.php(336): CodeIgniter\CodeIgniter->handleRequest()
#8 /home/globalmaintenanc/integratedsystems.globalmaintenance.co.id/index.php(45): CodeIgniter\CodeIgniter->run()
#9 {main}
CRITICAL - 2024-02-06 14:47:36 --> Trying to access array offset on value of type null
#0 /home/globalmaintenanc/integratedsystems.globalmaintenance.co.id/app/Views/erp/employees/staff_details.php(107): CodeIgniter\Debug\Exceptions->errorHandler()
#1 /home/globalmaintenanc/integratedsystems.globalmaintenance.co.id/system/View/View.php(230): include('/home/globalmai...')
#2 /home/globalmaintenanc/integratedsystems.globalmaintenance.co.id/system/View/View.php(232): CodeIgniter\View\View->CodeIgniter\View\{closure}()
#3 /home/globalmaintenanc/integratedsystems.globalmaintenance.co.id/system/Common.php(1271): CodeIgniter\View\View->render()
#4 /home/globalmaintenanc/integratedsystems.globalmaintenance.co.id/app/Controllers/Erp/Employees.php(165): view()
#5 /home/globalmaintenanc/integratedsystems.globalmaintenance.co.id/system/CodeIgniter.php(928): App\Controllers\Erp\Employees->staff_details()
#6 /home/globalmaintenanc/integratedsystems.globalmaintenance.co.id/system/CodeIgniter.php(436): CodeIgniter\CodeIgniter->runController()
#7 /home/globalmaintenanc/integratedsystems.globalmaintenance.co.id/system/CodeIgniter.php(336): CodeIgniter\CodeIgniter->handleRequest()
#8 /home/globalmaintenanc/integratedsystems.globalmaintenance.co.id/index.php(45): CodeIgniter\CodeIgniter->run()
#9 {main}
CRITICAL - 2024-02-06 14:48:09 --> Trying to access array offset on value of type null
#0 /home/globalmaintenanc/integratedsystems.globalmaintenance.co.id/app/Views/erp/employees/staff_details.php(107): CodeIgniter\Debug\Exceptions->errorHandler()
#1 /home/globalmaintenanc/integratedsystems.globalmaintenance.co.id/system/View/View.php(230): include('/home/globalmai...')
#2 /home/globalmaintenanc/integratedsystems.globalmaintenance.co.id/system/View/View.php(232): CodeIgniter\View\View->CodeIgniter\View\{closure}()
#3 /home/globalmaintenanc/integratedsystems.globalmaintenance.co.id/system/Common.php(1271): CodeIgniter\View\View->render()
#4 /home/globalmaintenanc/integratedsystems.globalmaintenance.co.id/app/Controllers/Erp/Employees.php(165): view()
#5 /home/globalmaintenanc/integratedsystems.globalmaintenance.co.id/system/CodeIgniter.php(928): App\Controllers\Erp\Employees->staff_details()
#6 /home/globalmaintenanc/integratedsystems.globalmaintenance.co.id/system/CodeIgniter.php(436): CodeIgniter\CodeIgniter->runController()
#7 /home/globalmaintenanc/integratedsystems.globalmaintenance.co.id/system/CodeIgniter.php(336): CodeIgniter\CodeIgniter->handleRequest()
#8 /home/globalmaintenanc/integratedsystems.globalmaintenance.co.id/index.php(45): CodeIgniter\CodeIgniter->run()
#9 {main}
CRITICAL - 2024-02-06 14:48:19 --> Trying to access array offset on value of type null
#0 /home/globalmaintenanc/integratedsystems.globalmaintenance.co.id/app/Views/erp/employees/staff_details.php(107): CodeIgniter\Debug\Exceptions->errorHandler()
#1 /home/globalmaintenanc/integratedsystems.globalmaintenance.co.id/system/View/View.php(230): include('/home/globalmai...')
#2 /home/globalmaintenanc/integratedsystems.globalmaintenance.co.id/system/View/View.php(232): CodeIgniter\View\View->CodeIgniter\View\{closure}()
#3 /home/globalmaintenanc/integratedsystems.globalmaintenance.co.id/system/Common.php(1271): CodeIgniter\View\View->render()
#4 /home/globalmaintenanc/integratedsystems.globalmaintenance.co.id/app/Controllers/Erp/Employees.php(165): view()
#5 /home/globalmaintenanc/integratedsystems.globalmaintenance.co.id/system/CodeIgniter.php(928): App\Controllers\Erp\Employees->staff_details()
#6 /home/globalmaintenanc/integratedsystems.globalmaintenance.co.id/system/CodeIgniter.php(436): CodeIgniter\CodeIgniter->runController()
#7 /home/globalmaintenanc/integratedsystems.globalmaintenance.co.id/system/CodeIgniter.php(336): CodeIgniter\CodeIgniter->handleRequest()
#8 /home/globalmaintenanc/integratedsystems.globalmaintenance.co.id/index.php(45): CodeIgniter\CodeIgniter->run()
#9 {main}
CRITICAL - 2024-02-06 14:48:22 --> Trying to access array offset on value of type null
#0 /home/globalmaintenanc/integratedsystems.globalmaintenance.co.id/app/Views/erp/employees/staff_details.php(107): CodeIgniter\Debug\Exceptions->errorHandler()
#1 /home/globalmaintenanc/integratedsystems.globalmaintenance.co.id/system/View/View.php(230): include('/home/globalmai...')
#2 /home/globalmaintenanc/integratedsystems.globalmaintenance.co.id/system/View/View.php(232): CodeIgniter\View\View->CodeIgniter\View\{closure}()
#3 /home/globalmaintenanc/integratedsystems.globalmaintenance.co.id/system/Common.php(1271): CodeIgniter\View\View->render()
#4 /home/globalmaintenanc/integratedsystems.globalmaintenance.co.id/app/Controllers/Erp/Employees.php(165): view()
#5 /home/globalmaintenanc/integratedsystems.globalmaintenance.co.id/system/CodeIgniter.php(928): App\Controllers\Erp\Employees->staff_details()
#6 /home/globalmaintenanc/integratedsystems.globalmaintenance.co.id/system/CodeIgniter.php(436): CodeIgniter\CodeIgniter->runController()
#7 /home/globalmaintenanc/integratedsystems.globalmaintenance.co.id/system/CodeIgniter.php(336): CodeIgniter\CodeIgniter->handleRequest()
#8 /home/globalmaintenanc/integratedsystems.globalmaintenance.co.id/index.php(45): CodeIgniter\CodeIgniter->run()
#9 {main}
CRITICAL - 2024-02-06 14:48:24 --> Trying to access array offset on value of type null
#0 /home/globalmaintenanc/integratedsystems.globalmaintenance.co.id/app/Views/erp/employees/staff_details.php(107): CodeIgniter\Debug\Exceptions->errorHandler()
#1 /home/globalmaintenanc/integratedsystems.globalmaintenance.co.id/system/View/View.php(230): include('/home/globalmai...')
#2 /home/globalmaintenanc/integratedsystems.globalmaintenance.co.id/system/View/View.php(232): CodeIgniter\View\View->CodeIgniter\View\{closure}()
#3 /home/globalmaintenanc/integratedsystems.globalmaintenance.co.id/system/Common.php(1271): CodeIgniter\View\View->render()
#4 /home/globalmaintenanc/integratedsystems.globalmaintenance.co.id/app/Controllers/Erp/Employees.php(165): view()
#5 /home/globalmaintenanc/integratedsystems.globalmaintenance.co.id/system/CodeIgniter.php(928): App\Controllers\Erp\Employees->staff_details()
#6 /home/globalmaintenanc/integratedsystems.globalmaintenance.co.id/system/CodeIgniter.php(436): CodeIgniter\CodeIgniter->runController()
#7 /home/globalmaintenanc/integratedsystems.globalmaintenance.co.id/system/CodeIgniter.php(336): CodeIgniter\CodeIgniter->handleRequest()
#8 /home/globalmaintenanc/integratedsystems.globalmaintenance.co.id/index.php(45): CodeIgniter\CodeIgniter->run()
#9 {main}
CRITICAL - 2024-02-06 14:48:27 --> Trying to access array offset on value of type null
#0 /home/globalmaintenanc/integratedsystems.globalmaintenance.co.id/app/Views/erp/employees/staff_details.php(107): CodeIgniter\Debug\Exceptions->errorHandler()
#1 /home/globalmaintenanc/integratedsystems.globalmaintenance.co.id/system/View/View.php(230): include('/home/globalmai...')
#2 /home/globalmaintenanc/integratedsystems.globalmaintenance.co.id/system/View/View.php(232): CodeIgniter\View\View->CodeIgniter\View\{closure}()
#3 /home/globalmaintenanc/integratedsystems.globalmaintenance.co.id/system/Common.php(1271): CodeIgniter\View\View->render()
#4 /home/globalmaintenanc/integratedsystems.globalmaintenance.co.id/app/Controllers/Erp/Employees.php(165): view()
#5 /home/globalmaintenanc/integratedsystems.globalmaintenance.co.id/system/CodeIgniter.php(928): App\Controllers\Erp\Employees->staff_details()
#6 /home/globalmaintenanc/integratedsystems.globalmaintenance.co.id/system/CodeIgniter.php(436): CodeIgniter\CodeIgniter->runController()
#7 /home/globalmaintenanc/integratedsystems.globalmaintenance.co.id/system/CodeIgniter.php(336): CodeIgniter\CodeIgniter->handleRequest()
#8 /home/globalmaintenanc/integratedsystems.globalmaintenance.co.id/index.php(45): CodeIgniter\CodeIgniter->run()
#9 {main}
CRITICAL - 2024-02-06 14:48:31 --> Trying to access array offset on value of type null
#0 /home/globalmaintenanc/integratedsystems.globalmaintenance.co.id/app/Views/erp/employees/staff_details.php(107): CodeIgniter\Debug\Exceptions->errorHandler()
#1 /home/globalmaintenanc/integratedsystems.globalmaintenance.co.id/system/View/View.php(230): include('/home/globalmai...')
#2 /home/globalmaintenanc/integratedsystems.globalmaintenance.co.id/system/View/View.php(232): CodeIgniter\View\View->CodeIgniter\View\{closure}()
#3 /home/globalmaintenanc/integratedsystems.globalmaintenance.co.id/system/Common.php(1271): CodeIgniter\View\View->render()
#4 /home/globalmaintenanc/integratedsystems.globalmaintenance.co.id/app/Controllers/Erp/Employees.php(165): view()
#5 /home/globalmaintenanc/integratedsystems.globalmaintenance.co.id/system/CodeIgniter.php(928): App\Controllers\Erp\Employees->staff_details()
#6 /home/globalmaintenanc/integratedsystems.globalmaintenance.co.id/system/CodeIgniter.php(436): CodeIgniter\CodeIgniter->runController()
#7 /home/globalmaintenanc/integratedsystems.globalmaintenance.co.id/system/CodeIgniter.php(336): CodeIgniter\CodeIgniter->handleRequest()
#8 /home/globalmaintenanc/integratedsystems.globalmaintenance.co.id/index.php(45): CodeIgniter\CodeIgniter->run()
#9 {main}
CRITICAL - 2024-02-06 14:48:51 --> Trying to access array offset on value of type null
#0 /home/globalmaintenanc/integratedsystems.globalmaintenance.co.id/app/Views/erp/employees/staff_details.php(107): CodeIgniter\Debug\Exceptions->errorHandler()
#1 /home/globalmaintenanc/integratedsystems.globalmaintenance.co.id/system/View/View.php(230): include('/home/globalmai...')
#2 /home/globalmaintenanc/integratedsystems.globalmaintenance.co.id/system/View/View.php(232): CodeIgniter\View\View->CodeIgniter\View\{closure}()
#3 /home/globalmaintenanc/integratedsystems.globalmaintenance.co.id/system/Common.php(1271): CodeIgniter\View\View->render()
#4 /home/globalmaintenanc/integratedsystems.globalmaintenance.co.id/app/Controllers/Erp/Employees.php(165): view()
#5 /home/globalmaintenanc/integratedsystems.globalmaintenance.co.id/system/CodeIgniter.php(928): App\Controllers\Erp\Employees->staff_details()
#6 /home/globalmaintenanc/integratedsystems.globalmaintenance.co.id/system/CodeIgniter.php(436): CodeIgniter\CodeIgniter->runController()
#7 /home/globalmaintenanc/integratedsystems.globalmaintenance.co.id/system/CodeIgniter.php(336): CodeIgniter\CodeIgniter->handleRequest()
#8 /home/globalmaintenanc/integratedsystems.globalmaintenance.co.id/index.php(45): CodeIgniter\CodeIgniter->run()
#9 {main}
CRITICAL - 2024-02-06 14:48:59 --> Trying to access array offset on value of type null
#0 /home/globalmaintenanc/integratedsystems.globalmaintenance.co.id/app/Controllers/Erp/Tasks.php(1227): CodeIgniter\Debug\Exceptions->errorHandler()
#1 /home/globalmaintenanc/integratedsystems.globalmaintenance.co.id/system/CodeIgniter.php(928): App\Controllers\Erp\Tasks->client_task_status_chart()
#2 /home/globalmaintenanc/integratedsystems.globalmaintenance.co.id/system/CodeIgniter.php(436): CodeIgniter\CodeIgniter->runController()
#3 /home/globalmaintenanc/integratedsystems.globalmaintenance.co.id/system/CodeIgniter.php(336): CodeIgniter\CodeIgniter->handleRequest()
#4 /home/globalmaintenanc/integratedsystems.globalmaintenance.co.id/index.php(45): CodeIgniter\CodeIgniter->run()
#5 {main}
CRITICAL - 2024-02-06 14:49:25 --> Trying to access array offset on value of type null
#0 /home/globalmaintenanc/integratedsystems.globalmaintenance.co.id/app/Controllers/Erp/Tasks.php(1227): CodeIgniter\Debug\Exceptions->errorHandler()
#1 /home/globalmaintenanc/integratedsystems.globalmaintenance.co.id/system/CodeIgniter.php(928): App\Controllers\Erp\Tasks->client_task_status_chart()
#2 /home/globalmaintenanc/integratedsystems.globalmaintenance.co.id/system/CodeIgniter.php(436): CodeIgniter\CodeIgniter->runController()
#3 /home/globalmaintenanc/integratedsystems.globalmaintenance.co.id/system/CodeIgniter.php(336): CodeIgniter\CodeIgniter->handleRequest()
#4 /home/globalmaintenanc/integratedsystems.globalmaintenance.co.id/index.php(45): CodeIgniter\CodeIgniter->run()
#5 {main}
CRITICAL - 2024-02-06 14:49:29 --> Trying to access array offset on value of type null
#0 /home/globalmaintenanc/integratedsystems.globalmaintenance.co.id/app/Views/erp/employees/staff_details.php(107): CodeIgniter\Debug\Exceptions->errorHandler()
#1 /home/globalmaintenanc/integratedsystems.globalmaintenance.co.id/system/View/View.php(230): include('/home/globalmai...')
#2 /home/globalmaintenanc/integratedsystems.globalmaintenance.co.id/system/View/View.php(232): CodeIgniter\View\View->CodeIgniter\View\{closure}()
#3 /home/globalmaintenanc/integratedsystems.globalmaintenance.co.id/system/Common.php(1271): CodeIgniter\View\View->render()
#4 /home/globalmaintenanc/integratedsystems.globalmaintenance.co.id/app/Controllers/Erp/Employees.php(165): view()
#5 /home/globalmaintenanc/integratedsystems.globalmaintenance.co.id/system/CodeIgniter.php(928): App\Controllers\Erp\Employees->staff_details()
#6 /home/globalmaintenanc/integratedsystems.globalmaintenance.co.id/system/CodeIgniter.php(436): CodeIgniter\CodeIgniter->runController()
#7 /home/globalmaintenanc/integratedsystems.globalmaintenance.co.id/system/CodeIgniter.php(336): CodeIgniter\CodeIgniter->handleRequest()
#8 /home/globalmaintenanc/integratedsystems.globalmaintenance.co.id/index.php(45): CodeIgniter\CodeIgniter->run()
#9 {main}
CRITICAL - 2024-02-06 14:50:20 --> Trying to access array offset on value of type null
#0 /home/globalmaintenanc/integratedsystems.globalmaintenance.co.id/app/Controllers/Erp/Tasks.php(1227): CodeIgniter\Debug\Exceptions->errorHandler()
#1 /home/globalmaintenanc/integratedsystems.globalmaintenance.co.id/system/CodeIgniter.php(928): App\Controllers\Erp\Tasks->client_task_status_chart()
#2 /home/globalmaintenanc/integratedsystems.globalmaintenance.co.id/system/CodeIgniter.php(436): CodeIgniter\CodeIgniter->runController()
#3 /home/globalmaintenanc/integratedsystems.globalmaintenance.co.id/system/CodeIgniter.php(336): CodeIgniter\CodeIgniter->handleRequest()
#4 /home/globalmaintenanc/integratedsystems.globalmaintenance.co.id/index.php(45): CodeIgniter\CodeIgniter->run()
#5 {main}
CRITICAL - 2024-02-06 14:50:23 --> Trying to access array offset on value of type null
#0 /home/globalmaintenanc/integratedsystems.globalmaintenance.co.id/app/Controllers/Erp/Tasks.php(1227): CodeIgniter\Debug\Exceptions->errorHandler()
#1 /home/globalmaintenanc/integratedsystems.globalmaintenance.co.id/system/CodeIgniter.php(928): App\Controllers\Erp\Tasks->client_task_status_chart()
#2 /home/globalmaintenanc/integratedsystems.globalmaintenance.co.id/system/CodeIgniter.php(436): CodeIgniter\CodeIgniter->runController()
#3 /home/globalmaintenanc/integratedsystems.globalmaintenance.co.id/system/CodeIgniter.php(336): CodeIgniter\CodeIgniter->handleRequest()
#4 /home/globalmaintenanc/integratedsystems.globalmaintenance.co.id/index.php(45): CodeIgniter\CodeIgniter->run()
#5 {main}
CRITICAL - 2024-02-06 14:50:30 --> Trying to access array offset on value of type null
#0 /home/globalmaintenanc/integratedsystems.globalmaintenance.co.id/app/Views/erp/employees/staff_details.php(107): CodeIgniter\Debug\Exceptions->errorHandler()
#1 /home/globalmaintenanc/integratedsystems.globalmaintenance.co.id/system/View/View.php(230): include('/home/globalmai...')
#2 /home/globalmaintenanc/integratedsystems.globalmaintenance.co.id/system/View/View.php(232): CodeIgniter\View\View->CodeIgniter\View\{closure}()
#3 /home/globalmaintenanc/integratedsystems.globalmaintenance.co.id/system/Common.php(1271): CodeIgniter\View\View->render()
#4 /home/globalmaintenanc/integratedsystems.globalmaintenance.co.id/app/Controllers/Erp/Employees.php(165): view()
#5 /home/globalmaintenanc/integratedsystems.globalmaintenance.co.id/system/CodeIgniter.php(928): App\Controllers\Erp\Employees->staff_details()
#6 /home/globalmaintenanc/integratedsystems.globalmaintenance.co.id/system/CodeIgniter.php(436): CodeIgniter\CodeIgniter->runController()
#7 /home/globalmaintenanc/integratedsystems.globalmaintenance.co.id/system/CodeIgniter.php(336): CodeIgniter\CodeIgniter->handleRequest()
#8 /home/globalmaintenanc/integratedsystems.globalmaintenance.co.id/index.php(45): CodeIgniter\CodeIgniter->run()
#9 {main}
CRITICAL - 2024-02-06 14:50:34 --> Trying to access array offset on value of type null
#0 /home/globalmaintenanc/integratedsystems.globalmaintenance.co.id/app/Views/erp/employees/staff_details.php(107): CodeIgniter\Debug\Exceptions->errorHandler()
#1 /home/globalmaintenanc/integratedsystems.globalmaintenance.co.id/system/View/View.php(230): include('/home/globalmai...')
#2 /home/globalmaintenanc/integratedsystems.globalmaintenance.co.id/system/View/View.php(232): CodeIgniter\View\View->CodeIgniter\View\{closure}()
#3 /home/globalmaintenanc/integratedsystems.globalmaintenance.co.id/system/Common.php(1271): CodeIgniter\View\View->render()
#4 /home/globalmaintenanc/integratedsystems.globalmaintenance.co.id/app/Controllers/Erp/Employees.php(165): view()
#5 /home/globalmaintenanc/integratedsystems.globalmaintenance.co.id/system/CodeIgniter.php(928): App\Controllers\Erp\Employees->staff_details()
#6 /home/globalmaintenanc/integratedsystems.globalmaintenance.co.id/system/CodeIgniter.php(436): CodeIgniter\CodeIgniter->runController()
#7 /home/globalmaintenanc/integratedsystems.globalmaintenance.co.id/system/CodeIgniter.php(336): CodeIgniter\CodeIgniter->handleRequest()
#8 /home/globalmaintenanc/integratedsystems.globalmaintenance.co.id/index.php(45): CodeIgniter\CodeIgniter->run()
#9 {main}
CRITICAL - 2024-02-06 14:54:11 --> Trying to access array offset on value of type null
#0 /home/globalmaintenanc/integratedsystems.globalmaintenance.co.id/app/Views/erp/employees/staff_details.php(107): CodeIgniter\Debug\Exceptions->errorHandler()
#1 /home/globalmaintenanc/integratedsystems.globalmaintenance.co.id/system/View/View.php(230): include('/home/globalmai...')
#2 /home/globalmaintenanc/integratedsystems.globalmaintenance.co.id/system/View/View.php(232): CodeIgniter\View\View->CodeIgniter\View\{closure}()
#3 /home/globalmaintenanc/integratedsystems.globalmaintenance.co.id/system/Common.php(1271): CodeIgniter\View\View->render()
#4 /home/globalmaintenanc/integratedsystems.globalmaintenance.co.id/app/Controllers/Erp/Employees.php(165): view()
#5 /home/globalmaintenanc/integratedsystems.globalmaintenance.co.id/system/CodeIgniter.php(928): App\Controllers\Erp\Employees->staff_details()
#6 /home/globalmaintenanc/integratedsystems.globalmaintenance.co.id/system/CodeIgniter.php(436): CodeIgniter\CodeIgniter->runController()
#7 /home/globalmaintenanc/integratedsystems.globalmaintenance.co.id/system/CodeIgniter.php(336): CodeIgniter\CodeIgniter->handleRequest()
#8 /home/globalmaintenanc/integratedsystems.globalmaintenance.co.id/index.php(45): CodeIgniter\CodeIgniter->run()
#9 {main}
CRITICAL - 2024-02-06 14:59:13 --> Trying to access array offset on value of type null
#0 /home/globalmaintenanc/integratedsystems.globalmaintenance.co.id/app/Controllers/Erp/Tasks.php(1227): CodeIgniter\Debug\Exceptions->errorHandler()
#1 /home/globalmaintenanc/integratedsystems.globalmaintenance.co.id/system/CodeIgniter.php(928): App\Controllers\Erp\Tasks->client_task_status_chart()
#2 /home/globalmaintenanc/integratedsystems.globalmaintenance.co.id/system/CodeIgniter.php(436): CodeIgniter\CodeIgniter->runController()
#3 /home/globalmaintenanc/integratedsystems.globalmaintenance.co.id/system/CodeIgniter.php(336): CodeIgniter\CodeIgniter->handleRequest()
#4 /home/globalmaintenanc/integratedsystems.globalmaintenance.co.id/index.php(45): CodeIgniter\CodeIgniter->run()
#5 {main}
CRITICAL - 2024-02-06 15:19:37 --> Trying to access array offset on value of type null
#0 /home/globalmaintenanc/integratedsystems.globalmaintenance.co.id/app/Views/erp/employees/staff_details.php(107): CodeIgniter\Debug\Exceptions->errorHandler()
#1 /home/globalmaintenanc/integratedsystems.globalmaintenance.co.id/system/View/View.php(230): include('/home/globalmai...')
#2 /home/globalmaintenanc/integratedsystems.globalmaintenance.co.id/system/View/View.php(232): CodeIgniter\View\View->CodeIgniter\View\{closure}()
#3 /home/globalmaintenanc/integratedsystems.globalmaintenance.co.id/system/Common.php(1271): CodeIgniter\View\View->render()
#4 /home/globalmaintenanc/integratedsystems.globalmaintenance.co.id/app/Controllers/Erp/Employees.php(165): view()
#5 /home/globalmaintenanc/integratedsystems.globalmaintenance.co.id/system/CodeIgniter.php(928): App\Controllers\Erp\Employees->staff_details()
#6 /home/globalmaintenanc/integratedsystems.globalmaintenance.co.id/system/CodeIgniter.php(436): CodeIgniter\CodeIgniter->runController()
#7 /home/globalmaintenanc/integratedsystems.globalmaintenance.co.id/system/CodeIgniter.php(336): CodeIgniter\CodeIgniter->handleRequest()
#8 /home/globalmaintenanc/integratedsystems.globalmaintenance.co.id/index.php(45): CodeIgniter\CodeIgniter->run()
#9 {main}
CRITICAL - 2024-02-06 15:24:41 --> Trying to access array offset on value of type null
#0 /home/globalmaintenanc/integratedsystems.globalmaintenance.co.id/app/Controllers/Erp/Tasks.php(1227): CodeIgniter\Debug\Exceptions->errorHandler()
#1 /home/globalmaintenanc/integratedsystems.globalmaintenance.co.id/system/CodeIgniter.php(928): App\Controllers\Erp\Tasks->client_task_status_chart()
#2 /home/globalmaintenanc/integratedsystems.globalmaintenance.co.id/system/CodeIgniter.php(436): CodeIgniter\CodeIgniter->runController()
#3 /home/globalmaintenanc/integratedsystems.globalmaintenance.co.id/system/CodeIgniter.php(336): CodeIgniter\CodeIgniter->handleRequest()
#4 /home/globalmaintenanc/integratedsystems.globalmaintenance.co.id/index.php(45): CodeIgniter\CodeIgniter->run()
#5 {main}
CRITICAL - 2024-02-06 15:24:41 --> Trying to access array offset on value of type null
#0 /home/globalmaintenanc/integratedsystems.globalmaintenance.co.id/app/Controllers/Erp/Tasks.php(1227): CodeIgniter\Debug\Exceptions->errorHandler()
#1 /home/globalmaintenanc/integratedsystems.globalmaintenance.co.id/system/CodeIgniter.php(928): App\Controllers\Erp\Tasks->client_task_status_chart()
#2 /home/globalmaintenanc/integratedsystems.globalmaintenance.co.id/system/CodeIgniter.php(436): CodeIgniter\CodeIgniter->runController()
#3 /home/globalmaintenanc/integratedsystems.globalmaintenance.co.id/system/CodeIgniter.php(336): CodeIgniter\CodeIgniter->handleRequest()
#4 /home/globalmaintenanc/integratedsystems.globalmaintenance.co.id/index.php(45): CodeIgniter\CodeIgniter->run()
#5 {main}
CRITICAL - 2024-02-06 15:24:44 --> Trying to access array offset on value of type null
#0 /home/globalmaintenanc/integratedsystems.globalmaintenance.co.id/app/Views/erp/employees/staff_details.php(107): CodeIgniter\Debug\Exceptions->errorHandler()
#1 /home/globalmaintenanc/integratedsystems.globalmaintenance.co.id/system/View/View.php(230): include('/home/globalmai...')
#2 /home/globalmaintenanc/integratedsystems.globalmaintenance.co.id/system/View/View.php(232): CodeIgniter\View\View->CodeIgniter\View\{closure}()
#3 /home/globalmaintenanc/integratedsystems.globalmaintenance.co.id/system/Common.php(1271): CodeIgniter\View\View->render()
#4 /home/globalmaintenanc/integratedsystems.globalmaintenance.co.id/app/Controllers/Erp/Employees.php(165): view()
#5 /home/globalmaintenanc/integratedsystems.globalmaintenance.co.id/system/CodeIgniter.php(928): App\Controllers\Erp\Employees->staff_details()
#6 /home/globalmaintenanc/integratedsystems.globalmaintenance.co.id/system/CodeIgniter.php(436): CodeIgniter\CodeIgniter->runController()
#7 /home/globalmaintenanc/integratedsystems.globalmaintenance.co.id/system/CodeIgniter.php(336): CodeIgniter\CodeIgniter->handleRequest()
#8 /home/globalmaintenanc/integratedsystems.globalmaintenance.co.id/index.php(45): CodeIgniter\CodeIgniter->run()
#9 {main}
CRITICAL - 2024-02-06 16:05:39 --> Trying to access array offset on value of type null
#0 /home/globalmaintenanc/integratedsystems.globalmaintenance.co.id/app/Controllers/Erp/Tasks.php(1227): CodeIgniter\Debug\Exceptions->errorHandler()
#1 /home/globalmaintenanc/integratedsystems.globalmaintenance.co.id/system/CodeIgniter.php(928): App\Controllers\Erp\Tasks->client_task_status_chart()
#2 /home/globalmaintenanc/integratedsystems.globalmaintenance.co.id/system/CodeIgniter.php(436): CodeIgniter\CodeIgniter->runController()
#3 /home/globalmaintenanc/integratedsystems.globalmaintenance.co.id/system/CodeIgniter.php(336): CodeIgniter\CodeIgniter->handleRequest()
#4 /home/globalmaintenanc/integratedsystems.globalmaintenance.co.id/index.php(45): CodeIgniter\CodeIgniter->run()
#5 {main}
CRITICAL - 2024-02-06 16:25:21 --> Trying to access array offset on value of type null
#0 /home/globalmaintenanc/integratedsystems.globalmaintenance.co.id/app/Controllers/Erp/Tasks.php(1227): CodeIgniter\Debug\Exceptions->errorHandler()
#1 /home/globalmaintenanc/integratedsystems.globalmaintenance.co.id/system/CodeIgniter.php(928): App\Controllers\Erp\Tasks->client_task_status_chart()
#2 /home/globalmaintenanc/integratedsystems.globalmaintenance.co.id/system/CodeIgniter.php(436): CodeIgniter\CodeIgniter->runController()
#3 /home/globalmaintenanc/integratedsystems.globalmaintenance.co.id/system/CodeIgniter.php(336): CodeIgniter\CodeIgniter->handleRequest()
#4 /home/globalmaintenanc/integratedsystems.globalmaintenance.co.id/index.php(45): CodeIgniter\CodeIgniter->run()
#5 {main}
CRITICAL - 2024-02-06 16:25:21 --> Trying to access array offset on value of type null
#0 /home/globalmaintenanc/integratedsystems.globalmaintenance.co.id/app/Controllers/Erp/Tasks.php(1227): CodeIgniter\Debug\Exceptions->errorHandler()
#1 /home/globalmaintenanc/integratedsystems.globalmaintenance.co.id/system/CodeIgniter.php(928): App\Controllers\Erp\Tasks->client_task_status_chart()
#2 /home/globalmaintenanc/integratedsystems.globalmaintenance.co.id/system/CodeIgniter.php(436): CodeIgniter\CodeIgniter->runController()
#3 /home/globalmaintenanc/integratedsystems.globalmaintenance.co.id/system/CodeIgniter.php(336): CodeIgniter\CodeIgniter->handleRequest()
#4 /home/globalmaintenanc/integratedsystems.globalmaintenance.co.id/index.php(45): CodeIgniter\CodeIgniter->run()
#5 {main}
CRITICAL - 2024-02-06 16:25:26 --> Trying to access array offset on value of type null
#0 /home/globalmaintenanc/integratedsystems.globalmaintenance.co.id/app/Views/erp/employees/staff_details.php(107): CodeIgniter\Debug\Exceptions->errorHandler()
#1 /home/globalmaintenanc/integratedsystems.globalmaintenance.co.id/system/View/View.php(230): include('/home/globalmai...')
#2 /home/globalmaintenanc/integratedsystems.globalmaintenance.co.id/system/View/View.php(232): CodeIgniter\View\View->CodeIgniter\View\{closure}()
#3 /home/globalmaintenanc/integratedsystems.globalmaintenance.co.id/system/Common.php(1271): CodeIgniter\View\View->render()
#4 /home/globalmaintenanc/integratedsystems.globalmaintenance.co.id/app/Controllers/Erp/Employees.php(165): view()
#5 /home/globalmaintenanc/integratedsystems.globalmaintenance.co.id/system/CodeIgniter.php(928): App\Controllers\Erp\Employees->staff_details()
#6 /home/globalmaintenanc/integratedsystems.globalmaintenance.co.id/system/CodeIgniter.php(436): CodeIgniter\CodeIgniter->runController()
#7 /home/globalmaintenanc/integratedsystems.globalmaintenance.co.id/system/CodeIgniter.php(336): CodeIgniter\CodeIgniter->handleRequest()
#8 /home/globalmaintenanc/integratedsystems.globalmaintenance.co.id/index.php(45): CodeIgniter\CodeIgniter->run()
#9 {main}
CRITICAL - 2024-02-06 20:42:38 --> Trying to access array offset on value of type null
#0 /home/globalmaintenanc/integratedsystems.globalmaintenance.co.id/app/Controllers/Erp/Tasks.php(1227): CodeIgniter\Debug\Exceptions->errorHandler()
#1 /home/globalmaintenanc/integratedsystems.globalmaintenance.co.id/system/CodeIgniter.php(928): App\Controllers\Erp\Tasks->client_task_status_chart()
#2 /home/globalmaintenanc/integratedsystems.globalmaintenance.co.id/system/CodeIgniter.php(436): CodeIgniter\CodeIgniter->runController()
#3 /home/globalmaintenanc/integratedsystems.globalmaintenance.co.id/system/CodeIgniter.php(336): CodeIgniter\CodeIgniter->handleRequest()
#4 /home/globalmaintenanc/integratedsystems.globalmaintenance.co.id/index.php(45): CodeIgniter\CodeIgniter->run()
#5 {main}
CRITICAL - 2024-02-06 20:42:45 --> Trying to access array offset on value of type null
#0 /home/globalmaintenanc/integratedsystems.globalmaintenance.co.id/app/Views/erp/employees/staff_details.php(107): CodeIgniter\Debug\Exceptions->errorHandler()
#1 /home/globalmaintenanc/integratedsystems.globalmaintenance.co.id/system/View/View.php(230): include('/home/globalmai...')
#2 /home/globalmaintenanc/integratedsystems.globalmaintenance.co.id/system/View/View.php(232): CodeIgniter\View\View->CodeIgniter\View\{closure}()
#3 /home/globalmaintenanc/integratedsystems.globalmaintenance.co.id/system/Common.php(1271): CodeIgniter\View\View->render()
#4 /home/globalmaintenanc/integratedsystems.globalmaintenance.co.id/app/Controllers/Erp/Employees.php(165): view()
#5 /home/globalmaintenanc/integratedsystems.globalmaintenance.co.id/system/CodeIgniter.php(928): App\Controllers\Erp\Employees->staff_details()
#6 /home/globalmaintenanc/integratedsystems.globalmaintenance.co.id/system/CodeIgniter.php(436): CodeIgniter\CodeIgniter->runController()
#7 /home/globalmaintenanc/integratedsystems.globalmaintenance.co.id/system/CodeIgniter.php(336): CodeIgniter\CodeIgniter->handleRequest()
#8 /home/globalmaintenanc/integratedsystems.globalmaintenance.co.id/index.php(45): CodeIgniter\CodeIgniter->run()
#9 {main}
