ERROR - 2026-05-12 04:51:09 --> Error connecting to the database: Access denied for user '****'@'localhost' (using password: YES)
CRITICAL - 2026-05-12 04:51:09 --> Unable to connect to the database.
Main connection [MySQLi]: Access denied for user '****'@'localhost' (using password: YES)
#0 /Users/barrukurniawan/Documents/gis/system/Database/BaseConnection.php(625): CodeIgniter\Database\BaseConnection->initialize()
#1 /Users/barrukurniawan/Documents/gis/system/Database/BaseBuilder.php(1881): CodeIgniter\Database\BaseConnection->query('SELECT *\nFROM `...', Array, false)
#2 /Users/barrukurniawan/Documents/gis/system/Model.php(228): CodeIgniter\Database\BaseBuilder->get()
#3 /Users/barrukurniawan/Documents/gis/system/BaseModel.php(644): CodeIgniter\Model->doFirst()
#4 /Users/barrukurniawan/Documents/gis/app/Controllers/Home.php(31): CodeIgniter\BaseModel->first()
#5 /Users/barrukurniawan/Documents/gis/system/CodeIgniter.php(928): App\Controllers\Home->index()
#6 /Users/barrukurniawan/Documents/gis/system/CodeIgniter.php(436): CodeIgniter\CodeIgniter->runController(Object(App\Controllers\Home))
#7 /Users/barrukurniawan/Documents/gis/system/CodeIgniter.php(336): CodeIgniter\CodeIgniter->handleRequest(NULL, Object(Config\Cache), false)
#8 /Users/barrukurniawan/Documents/gis/index.php(45): CodeIgniter\CodeIgniter->run()
#9 {main}
ERROR - 2026-05-12 04:51:13 --> Error connecting to the database: Access denied for user '****'@'localhost' (using password: YES)
CRITICAL - 2026-05-12 04:51:13 --> Unable to connect to the database.
Main connection [MySQLi]: Access denied for user '****'@'localhost' (using password: YES)
#0 /Users/barrukurniawan/Documents/gis/system/Database/BaseConnection.php(625): CodeIgniter\Database\BaseConnection->initialize()
#1 /Users/barrukurniawan/Documents/gis/system/Database/BaseBuilder.php(1881): CodeIgniter\Database\BaseConnection->query('SELECT *\nFROM `...', Array, false)
#2 /Users/barrukurniawan/Documents/gis/system/Model.php(228): CodeIgniter\Database\BaseBuilder->get()
#3 /Users/barrukurniawan/Documents/gis/system/BaseModel.php(644): CodeIgniter\Model->doFirst()
#4 /Users/barrukurniawan/Documents/gis/app/Controllers/Home.php(31): CodeIgniter\BaseModel->first()
#5 /Users/barrukurniawan/Documents/gis/system/CodeIgniter.php(928): App\Controllers\Home->index()
#6 /Users/barrukurniawan/Documents/gis/system/CodeIgniter.php(436): CodeIgniter\CodeIgniter->runController(Object(App\Controllers\Home))
#7 /Users/barrukurniawan/Documents/gis/system/CodeIgniter.php(336): CodeIgniter\CodeIgniter->handleRequest(NULL, Object(Config\Cache), false)
#8 /Users/barrukurniawan/Documents/gis/index.php(45): CodeIgniter\CodeIgniter->run()
#9 {main}
ERROR - 2026-05-12 04:51:21 --> Error connecting to the database: Access denied for user '****'@'localhost' (using password: YES)
CRITICAL - 2026-05-12 04:51:21 --> Unable to connect to the database.
Main connection [MySQLi]: Access denied for user '****'@'localhost' (using password: YES)
#0 /Users/barrukurniawan/Documents/gis/system/Database/BaseConnection.php(625): CodeIgniter\Database\BaseConnection->initialize()
#1 /Users/barrukurniawan/Documents/gis/system/Database/BaseBuilder.php(1881): CodeIgniter\Database\BaseConnection->query('SELECT *\nFROM `...', Array, false)
#2 /Users/barrukurniawan/Documents/gis/system/Model.php(228): CodeIgniter\Database\BaseBuilder->get()
#3 /Users/barrukurniawan/Documents/gis/system/BaseModel.php(644): CodeIgniter\Model->doFirst()
#4 /Users/barrukurniawan/Documents/gis/app/Controllers/Home.php(31): CodeIgniter\BaseModel->first()
#5 /Users/barrukurniawan/Documents/gis/system/CodeIgniter.php(928): App\Controllers\Home->index()
#6 /Users/barrukurniawan/Documents/gis/system/CodeIgniter.php(436): CodeIgniter\CodeIgniter->runController(Object(App\Controllers\Home))
#7 /Users/barrukurniawan/Documents/gis/system/CodeIgniter.php(336): CodeIgniter\CodeIgniter->handleRequest(NULL, Object(Config\Cache), false)
#8 /Users/barrukurniawan/Documents/gis/index.php(45): CodeIgniter\CodeIgniter->run()
#9 {main}
ERROR - 2026-05-12 04:51:23 --> Error connecting to the database: Access denied for user '****'@'localhost' (using password: YES)
CRITICAL - 2026-05-12 04:51:23 --> Unable to connect to the database.
Main connection [MySQLi]: Access denied for user '****'@'localhost' (using password: YES)
#0 /Users/barrukurniawan/Documents/gis/system/Database/BaseConnection.php(625): CodeIgniter\Database\BaseConnection->initialize()
#1 /Users/barrukurniawan/Documents/gis/system/Database/BaseBuilder.php(1881): CodeIgniter\Database\BaseConnection->query('SELECT *\nFROM `...', Array, false)
#2 /Users/barrukurniawan/Documents/gis/system/Model.php(228): CodeIgniter\Database\BaseBuilder->get()
#3 /Users/barrukurniawan/Documents/gis/system/BaseModel.php(644): CodeIgniter\Model->doFirst()
#4 /Users/barrukurniawan/Documents/gis/app/Controllers/Home.php(31): CodeIgniter\BaseModel->first()
#5 /Users/barrukurniawan/Documents/gis/system/CodeIgniter.php(928): App\Controllers\Home->index()
#6 /Users/barrukurniawan/Documents/gis/system/CodeIgniter.php(436): CodeIgniter\CodeIgniter->runController(Object(App\Controllers\Home))
#7 /Users/barrukurniawan/Documents/gis/system/CodeIgniter.php(336): CodeIgniter\CodeIgniter->handleRequest(NULL, Object(Config\Cache), false)
#8 /Users/barrukurniawan/Documents/gis/index.php(45): CodeIgniter\CodeIgniter->run()
#9 {main}
ERROR - 2026-05-12 04:52:54 --> Error connecting to the database: Access denied for user '****'@'localhost' (using password: YES)
CRITICAL - 2026-05-12 04:52:54 --> Unable to connect to the database.
Main connection [MySQLi]: Access denied for user '****'@'localhost' (using password: YES)
#0 /Users/barrukurniawan/Documents/gis/system/Database/BaseConnection.php(625): CodeIgniter\Database\BaseConnection->initialize()
#1 /Users/barrukurniawan/Documents/gis/system/Database/BaseBuilder.php(1881): CodeIgniter\Database\BaseConnection->query('SELECT *\nFROM `...', Array, false)
#2 /Users/barrukurniawan/Documents/gis/system/Model.php(228): CodeIgniter\Database\BaseBuilder->get()
#3 /Users/barrukurniawan/Documents/gis/system/BaseModel.php(644): CodeIgniter\Model->doFirst()
#4 /Users/barrukurniawan/Documents/gis/app/Controllers/Home.php(31): CodeIgniter\BaseModel->first()
#5 /Users/barrukurniawan/Documents/gis/system/CodeIgniter.php(928): App\Controllers\Home->index()
#6 /Users/barrukurniawan/Documents/gis/system/CodeIgniter.php(436): CodeIgniter\CodeIgniter->runController(Object(App\Controllers\Home))
#7 /Users/barrukurniawan/Documents/gis/system/CodeIgniter.php(336): CodeIgniter\CodeIgniter->handleRequest(NULL, Object(Config\Cache), false)
#8 /Users/barrukurniawan/Documents/gis/index.php(45): CodeIgniter\CodeIgniter->run()
#9 {main}
ERROR - 2026-05-12 04:52:54 --> Error connecting to the database: Access denied for user '****'@'localhost' (using password: YES)
CRITICAL - 2026-05-12 04:52:54 --> Unable to connect to the database.
Main connection [MySQLi]: Access denied for user '****'@'localhost' (using password: YES)
#0 /Users/barrukurniawan/Documents/gis/system/Database/BaseConnection.php(625): CodeIgniter\Database\BaseConnection->initialize()
#1 /Users/barrukurniawan/Documents/gis/system/Database/BaseBuilder.php(1881): CodeIgniter\Database\BaseConnection->query('SELECT *\nFROM `...', Array, false)
#2 /Users/barrukurniawan/Documents/gis/system/Model.php(228): CodeIgniter\Database\BaseBuilder->get()
#3 /Users/barrukurniawan/Documents/gis/system/BaseModel.php(644): CodeIgniter\Model->doFirst()
#4 /Users/barrukurniawan/Documents/gis/app/Controllers/Home.php(31): CodeIgniter\BaseModel->first()
#5 /Users/barrukurniawan/Documents/gis/system/CodeIgniter.php(928): App\Controllers\Home->index()
#6 /Users/barrukurniawan/Documents/gis/system/CodeIgniter.php(436): CodeIgniter\CodeIgniter->runController(Object(App\Controllers\Home))
#7 /Users/barrukurniawan/Documents/gis/system/CodeIgniter.php(336): CodeIgniter\CodeIgniter->handleRequest(NULL, Object(Config\Cache), false)
#8 /Users/barrukurniawan/Documents/gis/index.php(45): CodeIgniter\CodeIgniter->run()
#9 {main}
CRITICAL - 2026-05-12 16:53:46 --> Trying to access array offset on null
#0 /Users/barrukurniawan/Documents/gis/app/Controllers/Erp/Tasks.php(1227): CodeIgniter\Debug\Exceptions->errorHandler(2, 'Trying to acces...', '/Users/barrukur...', 1227)
#1 /Users/barrukurniawan/Documents/gis/system/CodeIgniter.php(928): App\Controllers\Erp\Tasks->client_task_status_chart()
#2 /Users/barrukurniawan/Documents/gis/system/CodeIgniter.php(436): CodeIgniter\CodeIgniter->runController(Object(App\Controllers\Erp\Tasks))
#3 /Users/barrukurniawan/Documents/gis/system/CodeIgniter.php(336): CodeIgniter\CodeIgniter->handleRequest(NULL, Object(Config\Cache), false)
#4 /Users/barrukurniawan/Documents/gis/index.php(45): CodeIgniter\CodeIgniter->run()
#5 {main}
CRITICAL - 2026-05-12 16:59:44 --> Trying to access array offset on null
#0 /Users/barrukurniawan/Documents/gis/app/Controllers/Erp/Tasks.php(1227): CodeIgniter\Debug\Exceptions->errorHandler(2, 'Trying to acces...', '/Users/barrukur...', 1227)
#1 /Users/barrukurniawan/Documents/gis/system/CodeIgniter.php(928): App\Controllers\Erp\Tasks->client_task_status_chart()
#2 /Users/barrukurniawan/Documents/gis/system/CodeIgniter.php(436): CodeIgniter\CodeIgniter->runController(Object(App\Controllers\Erp\Tasks))
#3 /Users/barrukurniawan/Documents/gis/system/CodeIgniter.php(336): CodeIgniter\CodeIgniter->handleRequest(NULL, Object(Config\Cache), false)
#4 /Users/barrukurniawan/Documents/gis/index.php(45): CodeIgniter\CodeIgniter->run()
#5 {main}
CRITICAL - 2026-05-12 17:00:25 --> Trying to access array offset on null
#0 /Users/barrukurniawan/Documents/gis/app/Controllers/Erp/Tasks.php(1227): CodeIgniter\Debug\Exceptions->errorHandler(2, 'Trying to acces...', '/Users/barrukur...', 1227)
#1 /Users/barrukurniawan/Documents/gis/system/CodeIgniter.php(928): App\Controllers\Erp\Tasks->client_task_status_chart()
#2 /Users/barrukurniawan/Documents/gis/system/CodeIgniter.php(436): CodeIgniter\CodeIgniter->runController(Object(App\Controllers\Erp\Tasks))
#3 /Users/barrukurniawan/Documents/gis/system/CodeIgniter.php(336): CodeIgniter\CodeIgniter->handleRequest(NULL, Object(Config\Cache), false)
#4 /Users/barrukurniawan/Documents/gis/index.php(45): CodeIgniter\CodeIgniter->run()
#5 {main}
CRITICAL - 2026-05-12 17:27:03 --> Trying to access array offset on null
#0 /Users/barrukurniawan/Documents/gis/app/Controllers/Erp/Tasks.php(1227): CodeIgniter\Debug\Exceptions->errorHandler(2, 'Trying to acces...', '/Users/barrukur...', 1227)
#1 /Users/barrukurniawan/Documents/gis/system/CodeIgniter.php(928): App\Controllers\Erp\Tasks->client_task_status_chart()
#2 /Users/barrukurniawan/Documents/gis/system/CodeIgniter.php(436): CodeIgniter\CodeIgniter->runController(Object(App\Controllers\Erp\Tasks))
#3 /Users/barrukurniawan/Documents/gis/system/CodeIgniter.php(336): CodeIgniter\CodeIgniter->handleRequest(NULL, Object(Config\Cache), false)
#4 /Users/barrukurniawan/Documents/gis/index.php(45): CodeIgniter\CodeIgniter->run()
#5 {main}
CRITICAL - 2026-05-12 05:27:29 --> Creation of dynamic property CodeIgniter\Database\MySQLi\Connection::$cacheOn is deprecated
#0 /Users/barrukurniawan/Documents/gis/system/Database/BaseConnection.php(310): CodeIgniter\Debug\Exceptions->errorHandler(8192, 'Creation of dyn...', '/Users/barrukur...', 310)
#1 /Users/barrukurniawan/Documents/gis/system/Database/Database.php(181): CodeIgniter\Database\BaseConnection->__construct(Array)
#2 /Users/barrukurniawan/Documents/gis/system/Database/Database.php(69): CodeIgniter\Database\Database->initDriver('MySQLi', 'CodeIgniter\\Dat...', Array)
#3 /Users/barrukurniawan/Documents/gis/system/Database/Config.php(86): CodeIgniter\Database\Database->load(Array, 'default')
#4 /Users/barrukurniawan/Documents/gis/system/Common.php(370): CodeIgniter\Database\Config::connect('default', true)
#5 /Users/barrukurniawan/Documents/gis/system/Database/MigrationRunner.php(150): db_connect(NULL)
#6 /Users/barrukurniawan/Documents/gis/system/Config/Services.php(465): CodeIgniter\Database\MigrationRunner->__construct(NULL, NULL)
#7 /Users/barrukurniawan/Documents/gis/system/Config/BaseService.php(263): CodeIgniter\Config\Services::migrations(Object(Config\Migrations), NULL, false)
#8 /Users/barrukurniawan/Documents/gis/system/Config/BaseService.php(192): CodeIgniter\Config\BaseService::__callStatic('migrations', Array)
#9 /Users/barrukurniawan/Documents/gis/system/Config/Services.php(460): CodeIgniter\Config\BaseService::getSharedInstance('migrations', NULL, NULL)
#10 /Users/barrukurniawan/Documents/gis/system/Config/BaseService.php(263): CodeIgniter\Config\Services::migrations()
#11 /Users/barrukurniawan/Documents/gis/system/Commands/Database/Migrate.php(73): CodeIgniter\Config\BaseService::__callStatic('migrations', Array)
#12 /Users/barrukurniawan/Documents/gis/system/CLI/Commands.php(67): CodeIgniter\Commands\Database\Migrate->run(Array)
#13 /Users/barrukurniawan/Documents/gis/system/CLI/CommandRunner.php(71): CodeIgniter\CLI\Commands->run('migrate', Array)
#14 /Users/barrukurniawan/Documents/gis/system/CLI/CommandRunner.php(56): CodeIgniter\CLI\CommandRunner->index(Array)
#15 /Users/barrukurniawan/Documents/gis/system/CodeIgniter.php(924): CodeIgniter\CLI\CommandRunner->_remap('index', 'migrate')
#16 /Users/barrukurniawan/Documents/gis/system/CodeIgniter.php(436): CodeIgniter\CodeIgniter->runController(Object(CodeIgniter\CLI\CommandRunner))
#17 /Users/barrukurniawan/Documents/gis/system/CodeIgniter.php(336): CodeIgniter\CodeIgniter->handleRequest(NULL, Object(Config\Cache), false)
#18 /Users/barrukurniawan/Documents/gis/system/CLI/Console.php(61): CodeIgniter\CodeIgniter->run()
#19 /Users/barrukurniawan/Documents/gis/spark(65): CodeIgniter\CLI\Console->run()
#20 {main}
CRITICAL - 2026-05-12 05:27:58 --> Creation of dynamic property CodeIgniter\Database\MySQLi\Connection::$cacheOn is deprecated
#0 /Users/barrukurniawan/Documents/gis/system/Database/BaseConnection.php(310): CodeIgniter\Debug\Exceptions->errorHandler(8192, 'Creation of dyn...', '/Users/barrukur...', 310)
#1 /Users/barrukurniawan/Documents/gis/system/Database/Database.php(181): CodeIgniter\Database\BaseConnection->__construct(Array)
#2 /Users/barrukurniawan/Documents/gis/system/Database/Database.php(69): CodeIgniter\Database\Database->initDriver('MySQLi', 'CodeIgniter\\Dat...', Array)
#3 /Users/barrukurniawan/Documents/gis/system/Database/Config.php(86): CodeIgniter\Database\Database->load(Array, 'default')
#4 /Users/barrukurniawan/Documents/gis/system/Common.php(370): CodeIgniter\Database\Config::connect('default', true)
#5 /Users/barrukurniawan/Documents/gis/system/Database/MigrationRunner.php(150): db_connect(NULL)
#6 /Users/barrukurniawan/Documents/gis/system/Config/Services.php(465): CodeIgniter\Database\MigrationRunner->__construct(NULL, NULL)
#7 /Users/barrukurniawan/Documents/gis/system/Config/BaseService.php(263): CodeIgniter\Config\Services::migrations(Object(Config\Migrations), NULL, false)
#8 /Users/barrukurniawan/Documents/gis/system/Config/BaseService.php(192): CodeIgniter\Config\BaseService::__callStatic('migrations', Array)
#9 /Users/barrukurniawan/Documents/gis/system/Config/Services.php(460): CodeIgniter\Config\BaseService::getSharedInstance('migrations', NULL, NULL)
#10 /Users/barrukurniawan/Documents/gis/system/Config/BaseService.php(263): CodeIgniter\Config\Services::migrations()
#11 /Users/barrukurniawan/Documents/gis/system/Commands/Database/Migrate.php(73): CodeIgniter\Config\BaseService::__callStatic('migrations', Array)
#12 /Users/barrukurniawan/Documents/gis/system/CLI/Commands.php(67): CodeIgniter\Commands\Database\Migrate->run(Array)
#13 /Users/barrukurniawan/Documents/gis/system/CLI/CommandRunner.php(71): CodeIgniter\CLI\Commands->run('migrate', Array)
#14 /Users/barrukurniawan/Documents/gis/system/CLI/CommandRunner.php(56): CodeIgniter\CLI\CommandRunner->index(Array)
#15 /Users/barrukurniawan/Documents/gis/system/CodeIgniter.php(924): CodeIgniter\CLI\CommandRunner->_remap('index', 'migrate')
#16 /Users/barrukurniawan/Documents/gis/system/CodeIgniter.php(436): CodeIgniter\CodeIgniter->runController(Object(CodeIgniter\CLI\CommandRunner))
#17 /Users/barrukurniawan/Documents/gis/system/CodeIgniter.php(336): CodeIgniter\CodeIgniter->handleRequest(NULL, Object(Config\Cache), false)
#18 /Users/barrukurniawan/Documents/gis/system/CLI/Console.php(61): CodeIgniter\CodeIgniter->run()
#19 /Users/barrukurniawan/Documents/gis/spark(65): CodeIgniter\CLI\Console->run()
#20 {main}
CRITICAL - 2026-05-12 05:29:09 --> Creation of dynamic property CodeIgniter\Database\MySQLi\Connection::$database is deprecated
#0 /Users/barrukurniawan/Documents/gis/system/Database/BaseConnection.php(286): CodeIgniter\Debug\Exceptions->errorHandler(8192, 'Creation of dyn...', '/Users/barrukur...', 286)
#1 /Users/barrukurniawan/Documents/gis/system/Database/Database.php(181): CodeIgniter\Database\BaseConnection->__construct(Array)
#2 /Users/barrukurniawan/Documents/gis/system/Database/Database.php(69): CodeIgniter\Database\Database->initDriver('MySQLi', 'CodeIgniter\\Dat...', Array)
#3 /Users/barrukurniawan/Documents/gis/system/Database/Config.php(86): CodeIgniter\Database\Database->load(Array, 'default')
#4 /Users/barrukurniawan/Documents/gis/system/Common.php(370): CodeIgniter\Database\Config::connect('default', true)
#5 /Users/barrukurniawan/Documents/gis/system/Database/MigrationRunner.php(150): db_connect(NULL)
#6 /Users/barrukurniawan/Documents/gis/system/Config/Services.php(465): CodeIgniter\Database\MigrationRunner->__construct(NULL, NULL)
#7 /Users/barrukurniawan/Documents/gis/system/Config/BaseService.php(263): CodeIgniter\Config\Services::migrations(Object(Config\Migrations), NULL, false)
#8 /Users/barrukurniawan/Documents/gis/system/Config/BaseService.php(192): CodeIgniter\Config\BaseService::__callStatic('migrations', Array)
#9 /Users/barrukurniawan/Documents/gis/system/Config/Services.php(460): CodeIgniter\Config\BaseService::getSharedInstance('migrations', NULL, NULL)
#10 /Users/barrukurniawan/Documents/gis/system/Config/BaseService.php(263): CodeIgniter\Config\Services::migrations()
#11 /Users/barrukurniawan/Documents/gis/system/Commands/Database/Migrate.php(73): CodeIgniter\Config\BaseService::__callStatic('migrations', Array)
#12 /Users/barrukurniawan/Documents/gis/system/CLI/Commands.php(67): CodeIgniter\Commands\Database\Migrate->run(Array)
#13 /Users/barrukurniawan/Documents/gis/system/CLI/CommandRunner.php(71): CodeIgniter\CLI\Commands->run('migrate', Array)
#14 /Users/barrukurniawan/Documents/gis/system/CLI/CommandRunner.php(56): CodeIgniter\CLI\CommandRunner->index(Array)
#15 /Users/barrukurniawan/Documents/gis/system/CodeIgniter.php(924): CodeIgniter\CLI\CommandRunner->_remap('index', 'migrate')
#16 /Users/barrukurniawan/Documents/gis/system/CodeIgniter.php(436): CodeIgniter\CodeIgniter->runController(Object(CodeIgniter\CLI\CommandRunner))
#17 /Users/barrukurniawan/Documents/gis/system/CodeIgniter.php(336): CodeIgniter\CodeIgniter->handleRequest(NULL, Object(Config\Cache), false)
#18 /Users/barrukurniawan/Documents/gis/system/CLI/Console.php(61): CodeIgniter\CodeIgniter->run()
#19 /Users/barrukurniawan/Documents/gis/spark(65): CodeIgniter\CLI\Console->run()
#20 {main}
CRITICAL - 2026-05-12 17:31:35 --> Trying to access array offset on null
#0 /Users/barrukurniawan/Documents/gis/app/Controllers/Erp/Tasks.php(1227): CodeIgniter\Debug\Exceptions->errorHandler(2, 'Trying to acces...', '/Users/barrukur...', 1227)
#1 /Users/barrukurniawan/Documents/gis/system/CodeIgniter.php(928): App\Controllers\Erp\Tasks->client_task_status_chart()
#2 /Users/barrukurniawan/Documents/gis/system/CodeIgniter.php(436): CodeIgniter\CodeIgniter->runController(Object(App\Controllers\Erp\Tasks))
#3 /Users/barrukurniawan/Documents/gis/system/CodeIgniter.php(336): CodeIgniter\CodeIgniter->handleRequest(NULL, Object(Config\Cache), false)
#4 /Users/barrukurniawan/Documents/gis/index.php(45): CodeIgniter\CodeIgniter->run()
#5 {main}
CRITICAL - 2026-05-12 05:31:37 --> Access level to App\Controllers\Erp\TrainingRecord::output() must be public (as in class App\Controllers\BaseController)
#0 [internal function]: CodeIgniter\Debug\Exceptions->shutdownHandler()
#1 {main}
CRITICAL - 2026-05-12 23:26:41 --> The action you requested is not allowed.
#0 /Users/barrukurniawan/Documents/gis/system/Security/Security.php(240): CodeIgniter\Security\Exceptions\SecurityException::forDisallowedAction()
#1 /Users/barrukurniawan/Documents/gis/system/Filters/CSRF.php(57): CodeIgniter\Security\Security->verify(Object(CodeIgniter\HTTP\IncomingRequest))
#2 /Users/barrukurniawan/Documents/gis/system/Filters/Filters.php(181): CodeIgniter\Filters\CSRF->before(Object(CodeIgniter\HTTP\IncomingRequest), NULL)
#3 /Users/barrukurniawan/Documents/gis/system/CodeIgniter.php(407): CodeIgniter\Filters\Filters->run('/erp/auth/login', 'before')
#4 /Users/barrukurniawan/Documents/gis/system/CodeIgniter.php(336): CodeIgniter\CodeIgniter->handleRequest(NULL, Object(Config\Cache), false)
#5 /Users/barrukurniawan/Documents/gis/index.php(45): CodeIgniter\CodeIgniter->run()
#6 {main}
